C:/Users/andri/STM32CubeIDE/workspace_1.17.0/qpc_stm32cubeide_test/frameworks/qpc/3rd_party/CMSIS/Include/core_cm7.h:1982:22:__NVIC_SetPriorityGrouping	24	static
C:/Users/andri/STM32CubeIDE/workspace_1.17.0/qpc_stm32cubeide_test/frameworks/qpc/3rd_party/CMSIS/Include/core_cm7.h:2013:22:__NVIC_EnableIRQ	16	static,ignoring_inline_asm
C:/Users/andri/STM32CubeIDE/workspace_1.17.0/qpc_stm32cubeide_test/frameworks/qpc/3rd_party/CMSIS/Include/core_cm7.h:2143:22:__NVIC_SetPriority	16	static
../Core/Src/bsp.c:72:12:Q_onError	16	static
../Core/Src/bsp.c:94:6:assert_failed	16	static
../Core/Src/bsp.c:101:6:EXTI0_IRQHandler	32	static,ignoring_inline_asm
../Core/Src/bsp.c:135:6:vApplicationTickHook	16	static,ignoring_inline_asm
../Core/Src/bsp.c:181:6:vApplicationIdleHook	24	static,ignoring_inline_asm
../Core/Src/bsp.c:223:6:vApplicationStackOverflowHook	16	static
../Core/Src/bsp.c:232:6:vApplicationGetIdleTaskMemory	24	static
../Core/Src/bsp.c:260:6:BSP_init	24	static,ignoring_inline_asm
../Core/Src/bsp.c:319:6:BSP_start	24	static
../Core/Src/bsp.c:341:6:BSP_displayPaused	16	static
../Core/Src/bsp.c:355:6:BSP_randomSeed	16	static
../Core/Src/bsp.c:359:10:BSP_random	24	static
../Core/Src/bsp.c:375:6:BSP_ledOn	8	static
../Core/Src/bsp.c:381:6:BSP_ledOff	8	static
../Core/Src/bsp.c:387:6:BSP_terminate	16	static
../Core/Src/bsp.c:395:6:QF_onStartup	8	static
../Core/Src/bsp.c:416:6:QF_onCleanup	4	static
