Archive member included to satisfy reference by file (symbol)

C:/ST/STM32CubeIDE_1.17.0/STM32CubeIDE/plugins/com.st.stm32cube.ide.mcu.externaltools.gnu-tools-for-stm32.12.3.rel1.win32_1.1.0.202410251130/tools/bin/../lib/gcc/arm-none-eabi/12.3.1/../../../../arm-none-eabi/lib/thumb/v7e-m+dp/hard\libc_nano.a(libc_a-exit.o)
                              C:/ST/STM32CubeIDE_1.17.0/STM32CubeIDE/plugins/com.st.stm32cube.ide.mcu.externaltools.gnu-tools-for-stm32.12.3.rel1.win32_1.1.0.202410251130/tools/bin/../lib/gcc/arm-none-eabi/12.3.1/../../../../arm-none-eabi/lib/thumb/v7e-m+dp/hard/crt0.o (exit)
C:/ST/STM32CubeIDE_1.17.0/STM32CubeIDE/plugins/com.st.stm32cube.ide.mcu.externaltools.gnu-tools-for-stm32.12.3.rel1.win32_1.1.0.202410251130/tools/bin/../lib/gcc/arm-none-eabi/12.3.1/../../../../arm-none-eabi/lib/thumb/v7e-m+dp/hard\libc_nano.a(libc_a-findfp.o)
                              C:/ST/STM32CubeIDE_1.17.0/STM32CubeIDE/plugins/com.st.stm32cube.ide.mcu.externaltools.gnu-tools-for-stm32.12.3.rel1.win32_1.1.0.202410251130/tools/bin/../lib/gcc/arm-none-eabi/12.3.1/../../../../arm-none-eabi/lib/thumb/v7e-m+dp/hard\libc_nano.a(libc_a-exit.o) (__stdio_exit_handler)
C:/ST/STM32CubeIDE_1.17.0/STM32CubeIDE/plugins/com.st.stm32cube.ide.mcu.externaltools.gnu-tools-for-stm32.12.3.rel1.win32_1.1.0.202410251130/tools/bin/../lib/gcc/arm-none-eabi/12.3.1/../../../../arm-none-eabi/lib/thumb/v7e-m+dp/hard\libc_nano.a(libc_a-fwalk.o)
                              C:/ST/STM32CubeIDE_1.17.0/STM32CubeIDE/plugins/com.st.stm32cube.ide.mcu.externaltools.gnu-tools-for-stm32.12.3.rel1.win32_1.1.0.202410251130/tools/bin/../lib/gcc/arm-none-eabi/12.3.1/../../../../arm-none-eabi/lib/thumb/v7e-m+dp/hard\libc_nano.a(libc_a-findfp.o) (_fwalk_sglue)
C:/ST/STM32CubeIDE_1.17.0/STM32CubeIDE/plugins/com.st.stm32cube.ide.mcu.externaltools.gnu-tools-for-stm32.12.3.rel1.win32_1.1.0.202410251130/tools/bin/../lib/gcc/arm-none-eabi/12.3.1/../../../../arm-none-eabi/lib/thumb/v7e-m+dp/hard\libc_nano.a(libc_a-stdio.o)
                              C:/ST/STM32CubeIDE_1.17.0/STM32CubeIDE/plugins/com.st.stm32cube.ide.mcu.externaltools.gnu-tools-for-stm32.12.3.rel1.win32_1.1.0.202410251130/tools/bin/../lib/gcc/arm-none-eabi/12.3.1/../../../../arm-none-eabi/lib/thumb/v7e-m+dp/hard\libc_nano.a(libc_a-findfp.o) (__sread)
C:/ST/STM32CubeIDE_1.17.0/STM32CubeIDE/plugins/com.st.stm32cube.ide.mcu.externaltools.gnu-tools-for-stm32.12.3.rel1.win32_1.1.0.202410251130/tools/bin/../lib/gcc/arm-none-eabi/12.3.1/../../../../arm-none-eabi/lib/thumb/v7e-m+dp/hard\libc_nano.a(libc_a-memset.o)
                              C:/ST/STM32CubeIDE_1.17.0/STM32CubeIDE/plugins/com.st.stm32cube.ide.mcu.externaltools.gnu-tools-for-stm32.12.3.rel1.win32_1.1.0.202410251130/tools/bin/../lib/gcc/arm-none-eabi/12.3.1/../../../../arm-none-eabi/lib/thumb/v7e-m+dp/hard/crt0.o (memset)
C:/ST/STM32CubeIDE_1.17.0/STM32CubeIDE/plugins/com.st.stm32cube.ide.mcu.externaltools.gnu-tools-for-stm32.12.3.rel1.win32_1.1.0.202410251130/tools/bin/../lib/gcc/arm-none-eabi/12.3.1/../../../../arm-none-eabi/lib/thumb/v7e-m+dp/hard\libc_nano.a(libc_a-closer.o)
                              C:/ST/STM32CubeIDE_1.17.0/STM32CubeIDE/plugins/com.st.stm32cube.ide.mcu.externaltools.gnu-tools-for-stm32.12.3.rel1.win32_1.1.0.202410251130/tools/bin/../lib/gcc/arm-none-eabi/12.3.1/../../../../arm-none-eabi/lib/thumb/v7e-m+dp/hard\libc_nano.a(libc_a-stdio.o) (_close_r)
C:/ST/STM32CubeIDE_1.17.0/STM32CubeIDE/plugins/com.st.stm32cube.ide.mcu.externaltools.gnu-tools-for-stm32.12.3.rel1.win32_1.1.0.202410251130/tools/bin/../lib/gcc/arm-none-eabi/12.3.1/../../../../arm-none-eabi/lib/thumb/v7e-m+dp/hard\libc_nano.a(libc_a-reent.o)
                              C:/ST/STM32CubeIDE_1.17.0/STM32CubeIDE/plugins/com.st.stm32cube.ide.mcu.externaltools.gnu-tools-for-stm32.12.3.rel1.win32_1.1.0.202410251130/tools/bin/../lib/gcc/arm-none-eabi/12.3.1/../../../../arm-none-eabi/lib/thumb/v7e-m+dp/hard\libc_nano.a(libc_a-closer.o) (errno)
C:/ST/STM32CubeIDE_1.17.0/STM32CubeIDE/plugins/com.st.stm32cube.ide.mcu.externaltools.gnu-tools-for-stm32.12.3.rel1.win32_1.1.0.202410251130/tools/bin/../lib/gcc/arm-none-eabi/12.3.1/../../../../arm-none-eabi/lib/thumb/v7e-m+dp/hard\libc_nano.a(libc_a-impure.o)
                              C:/ST/STM32CubeIDE_1.17.0/STM32CubeIDE/plugins/com.st.stm32cube.ide.mcu.externaltools.gnu-tools-for-stm32.12.3.rel1.win32_1.1.0.202410251130/tools/bin/../lib/gcc/arm-none-eabi/12.3.1/../../../../arm-none-eabi/lib/thumb/v7e-m+dp/hard\libc_nano.a(libc_a-reent.o) (_impure_ptr)
C:/ST/STM32CubeIDE_1.17.0/STM32CubeIDE/plugins/com.st.stm32cube.ide.mcu.externaltools.gnu-tools-for-stm32.12.3.rel1.win32_1.1.0.202410251130/tools/bin/../lib/gcc/arm-none-eabi/12.3.1/../../../../arm-none-eabi/lib/thumb/v7e-m+dp/hard\libc_nano.a(libc_a-lseekr.o)
[...]
Memory Configuration

Name             Origin             Length             Attributes
FLASH            0x08000000         0x00200000         xr
DTCMRAM          0x20000000         0x00020000         xrw
RAM_D1           0x24000000         0x00080000         xrw
RAM_D2           0x30000000         0x00048000         xrw
RAM_D3           0x38000000         0x00010000         xrw
ITCMRAM          0x00000000         0x00010000         xrw
*default*        0x00000000         0xffffffff

Linker script and memory map

LOAD C:/ST/STM32CubeIDE_1.17.0/STM32CubeIDE/plugins/com.st.stm32cube.ide.mcu.externaltools.gnu-tools-for-stm32.12.3.rel1.win32_1.1.0.202410251130/tools/bin/../lib/gcc/arm-none-eabi/12.3.1/thumb/v7e-m+dp/hard/crti.o
LOAD C:/ST/STM32CubeIDE_1.17.0/STM32CubeIDE/plugins/com.st.stm32cube.ide.mcu.externaltools.gnu-tools-for-stm32.12.3.rel1.win32_1.1.0.202410251130/tools/bin/../lib/gcc/arm-none-eabi/12.3.1/thumb/v7e-m+dp/hard/crtbegin.o
LOAD C:/ST/STM32CubeIDE_1.17.0/STM32CubeIDE/plugins/com.st.stm32cube.ide.mcu.externaltools.gnu-tools-for-stm32.12.3.rel1.win32_1.1.0.202410251130/tools/bin/../lib/gcc/arm-none-eabi/12.3.1/../../../../arm-none-eabi/lib/thumb/v7e-m+dp/hard/crt0.o
LOAD ./Core/Src/blinky.o
LOAD ./Core/Src/bsp.o
LOAD ./Core/Src/main.o
LOAD ./Core/Src/stm32h7xx_hal_msp.o
LOAD ./Core/Src/syscalls.o
LOAD ./Core/Src/sysmem.o
LOAD ./Core/Src/system_stm32h7xx.o
LOAD ./Core/Startup/startup_stm32h743zitx.o
LOAD ./Drivers/BSP/STM32H7xx_Nucleo/stm32h7xx_nucleo.o
LOAD ./Drivers/STM32H7xx_HAL_Driver/Src/stm32h7xx_hal.o
LOAD ./Drivers/STM32H7xx_HAL_Driver/Src/stm32h7xx_hal_cortex.o
LOAD ./Drivers/STM32H7xx_HAL_Driver/Src/stm32h7xx_hal_dma.o
LOAD ./Drivers/STM32H7xx_HAL_Driver/Src/stm32h7xx_hal_dma_ex.o
LOAD ./Drivers/STM32H7xx_HAL_Driver/Src/stm32h7xx_hal_exti.o
LOAD ./Drivers/STM32H7xx_HAL_Driver/Src/stm32h7xx_hal_flash.o
LOAD ./Drivers/STM32H7xx_HAL_Driver/Src/stm32h7xx_hal_flash_ex.o
LOAD ./Drivers/STM32H7xx_HAL_Driver/Src/stm32h7xx_hal_gpio.o
LOAD ./Drivers/STM32H7xx_HAL_Driver/Src/stm32h7xx_hal_hsem.o
LOAD ./Drivers/STM32H7xx_HAL_Driver/Src/stm32h7xx_hal_i2c.o
LOAD ./Drivers/STM32H7xx_HAL_Driver/Src/stm32h7xx_hal_i2c_ex.o
LOAD ./Drivers/STM32H7xx_HAL_Driver/Src/stm32h7xx_hal_mdma.o
LOAD ./Drivers/STM32H7xx_HAL_Driver/Src/stm32h7xx_hal_pwr.o
LOAD ./Drivers/STM32H7xx_HAL_Driver/Src/stm32h7xx_hal_pwr_ex.o
LOAD ./Drivers/STM32H7xx_HAL_Driver/Src/stm32h7xx_hal_rcc.o
LOAD ./Drivers/STM32H7xx_HAL_Driver/Src/stm32h7xx_hal_rcc_ex.o
LOAD ./Drivers/STM32H7xx_HAL_Driver/Src/stm32h7xx_hal_uart.o
LOAD ./Drivers/STM32H7xx_HAL_Driver/Src/stm32h7xx_hal_uart_ex.o
LOAD ./Drivers/STM32H7xx_HAL_Driver/Src/stm32h7xx_hal_usart.o
LOAD ./Drivers/STM32H7xx_HAL_Driver/Src/stm32h7xx_hal_usart_ex.o
LOAD ./frameworks/qpc/FreeRTOS/ARM_CM7/r0p1/port.o
LOAD ./frameworks/qpc/FreeRTOS/MemMang/heap_4.o
LOAD ./frameworks/qpc/FreeRTOS/croutine.o
LOAD ./frameworks/qpc/FreeRTOS/event_groups.o
LOAD ./frameworks/qpc/FreeRTOS/list.o
LOAD ./frameworks/qpc/FreeRTOS/queue.o
LOAD ./frameworks/qpc/FreeRTOS/stream_buffer.o
LOAD ./frameworks/qpc/FreeRTOS/tasks.o
LOAD ./frameworks/qpc/FreeRTOS/timers.o
LOAD ./frameworks/qpc/port/qf_port.o
LOAD ./frameworks/qpc/src/qf/qep_hsm.o
LOAD ./frameworks/qpc/src/qf/qep_msm.o
LOAD ./frameworks/qpc/src/qf/qf_act.o
LOAD ./frameworks/qpc/src/qf/qf_defer.o
LOAD ./frameworks/qpc/src/qf/qf_dyn.o
LOAD ./frameworks/qpc/src/qf/qf_mem.o
LOAD ./frameworks/qpc/src/qf/qf_ps.o
LOAD ./frameworks/qpc/src/qf/qf_qact.o
LOAD ./frameworks/qpc/src/qf/qf_qeq.o
LOAD ./frameworks/qpc/src/qf/qf_qmact.o
LOAD ./frameworks/qpc/src/qf/qf_time.o
LOAD ./frameworks/qpc/src/qs/qstamp.o
START GROUP
LOAD C:/ST/STM32CubeIDE_1.17.0/STM32CubeIDE/plugins/com.st.stm32cube.ide.mcu.externaltools.gnu-tools-for-stm32.12.3.rel1.win32_1.1.0.202410251130/tools/bin/../lib/gcc/arm-none-eabi/12.3.1/../../../../arm-none-eabi/lib/thumb/v7e-m+dp/hard\libc_nano.a
LOAD C:/ST/STM32CubeIDE_1.17.0/STM32CubeIDE/plugins/com.st.stm32cube.ide.mcu.externaltools.gnu-tools-for-stm32.12.3.rel1.win32_1.1.0.202410251130/tools/bin/../lib/gcc/arm-none-eabi/12.3.1/../../../../arm-none-eabi/lib/thumb/v7e-m+dp/hard\libm.a
END GROUP
START GROUP
LOAD C:/ST/STM32CubeIDE_1.17.0/STM32CubeIDE/plugins/com.st.stm32cube.ide.mcu.externaltools.gnu-tools-for-stm32.12.3.rel1.win32_1.1.0.202410251130/tools/bin/../lib/gcc/arm-none-eabi/12.3.1/thumb/v7e-m+dp/hard\libgcc.a
LOAD C:/ST/STM32CubeIDE_1.17.0/STM32CubeIDE/plugins/com.st.stm32cube.ide.mcu.externaltools.gnu-tools-for-stm32.12.3.rel1.win32_1.1.0.202410251130/tools/bin/../lib/gcc/arm-none-eabi/12.3.1/../../../../arm-none-eabi/lib/thumb/v7e-m+dp/hard\libc_nano.a
END GROUP
START GROUP
LOAD C:/ST/STM32CubeIDE_1.17.0/STM32CubeIDE/plugins/com.st.stm32cube.ide.mcu.externaltools.gnu-tools-for-stm32.12.3.rel1.win32_1.1.0.202410251130/tools/bin/../lib/gcc/arm-none-eabi/12.3.1/thumb/v7e-m+dp/hard\libgcc.a
LOAD C:/ST/STM32CubeIDE_1.17.0/STM32CubeIDE/plugins/com.st.stm32cube.ide.mcu.externaltools.gnu-tools-for-stm32.12.3.rel1.win32_1.1.0.202410251130/tools/bin/../lib/gcc/arm-none-eabi/12.3.1/../../../../arm-none-eabi/lib/thumb/v7e-m+dp/hard\libc_nano.a
LOAD C:/ST/STM32CubeIDE_1.17.0/STM32CubeIDE/plugins/com.st.stm32cube.ide.mcu.externaltools.gnu-tools-for-stm32.12.3.rel1.win32_1.1.0.202410251130/tools/bin/../lib/gcc/arm-none-eabi/12.3.1/../../../../arm-none-eabi/lib/thumb/v7e-m+dp/hard\libnosys.a
END GROUP
START GROUP
LOAD C:/ST/STM32CubeIDE_1.17.0/STM32CubeIDE/plugins/com.st.stm32cube.ide.mcu.externaltools.gnu-tools-for-stm32.12.3.rel1.win32_1.1.0.202410251130/tools/bin/../lib/gcc/arm-none-eabi/12.3.1/thumb/v7e-m+dp/hard\libgcc.a
LOAD C:/ST/STM32CubeIDE_1.17.0/STM32CubeIDE/plugins/com.st.stm32cube.ide.mcu.externaltools.gnu-tools-for-stm32.12.3.rel1.win32_1.1.0.202410251130/tools/bin/../lib/gcc/arm-none-eabi/12.3.1/../../../../arm-none-eabi/lib/thumb/v7e-m+dp/hard\libc_nano.a
LOAD C:/ST/STM32CubeIDE_1.17.0/STM32CubeIDE/plugins/com.st.stm32cube.ide.mcu.externaltools.gnu-tools-for-stm32.12.3.rel1.win32_1.1.0.202410251130/tools/bin/../lib/gcc/arm-none-eabi/12.3.1/../../../../arm-none-eabi/lib/thumb/v7e-m+dp/hard\libnosys.a
END GROUP
LOAD C:/ST/STM32CubeIDE_1.17.0/STM32CubeIDE/plugins/com.st.stm32cube.ide.mcu.externaltools.gnu-tools-for-stm32.12.3.rel1.win32_1.1.0.202410251130/tools/bin/../lib/gcc/arm-none-eabi/12.3.1/thumb/v7e-m+dp/hard/crtend.o
LOAD C:/ST/STM32CubeIDE_1.17.0/STM32CubeIDE/plugins/com.st.stm32cube.ide.mcu.externaltools.gnu-tools-for-stm32.12.3.rel1.win32_1.1.0.202410251130/tools/bin/../lib/gcc/arm-none-eabi/12.3.1/thumb/v7e-m+dp/hard/crtn.o
                0x24080000                        _estack = (ORIGIN (RAM_D1) + LENGTH (RAM_D1))
                0x00000200                        _Min_Heap_Size = 0x200
                0x00000400                        _Min_Stack_Size = 0x400

.isr_vector     0x08000000      0x298
                0x08000000                        . = ALIGN (0x4)
 *(.isr_vector)
 .isr_vector    0x08000000      0x298 ./Core/Startup/startup_stm32h743zitx.o
                0x08000000                g_pfnVectors
                0x08000298                        . = ALIGN (0x4)

.text           0x080002a0     0x48b0
                0x080002a0                        . = ALIGN (0x4)
 *(.text)
 .text          0x080002a0       0x40 C:/ST/STM32CubeIDE_1.17.0/STM32CubeIDE/plugins/com.st.stm32cube.ide.mcu.externaltools.gnu-tools-for-stm32.12.3.rel1.win32_1.1.0.202410251130/tools/bin/../lib/gcc/arm-none-eabi/12.3.1/thumb/v7e-m+dp/hard/crtbegin.o
 *(.text*)
 .text.Blinky_ctor
                0x080002e0       0x34 ./Core/Src/blinky.o
                0x080002e0                Blinky_ctor
 .text.Blinky_initial
                0x08000314       0x2c ./Core/Src/blinky.o
 .text.Blinky_off
                0x08000340       0x4c ./Core/Src/blinky.o
 .text.Blinky_on
                0x0800038c       0x4c ./Core/Src/blinky.o
 .text.__NVIC_SetPriorityGrouping
                0x080003d8       0x48 ./Core/Src/bsp.o
 .text.__NVIC_EnableIRQ
                0x08000420       0x3c ./Core/Src/bsp.o
 .text.__NVIC_SetPriority
                0x0800045c       0x54 ./Core/Src/bsp.o
 .text.Q_onError
                0x080004b0       0x14 ./Core/Src/bsp.o
                0x080004b0                Q_onError
 .text.assert_failed
                0x080004c4       0x12 ./Core/Src/bsp.o
                0x080004c4                assert_failed
 *fill*         0x080004d6        0x2 
 .text.EXTI0_IRQHandler
                0x080004d8       0x54 ./Core/Src/bsp.o
                0x080004d8                EXTI0_IRQHandler
 .text.vApplicationTickHook
                0x0800052c       0x38 ./Core/Src/bsp.o
                0x0800052c                vApplicationTickHook
 *fill*         0x08000564        0x4 
 .text.vApplicationIdleHook
                0x08000568       0x60 ./Core/Src/bsp.o
                0x08000568                vApplicationIdleHook
 .text.vApplicationStackOverflowHook
                0x080005c8       0x1c ./Core/Src/bsp.o
                0x080005c8                vApplicationStackOverflowHook
 .text.vApplicationGetIdleTaskMemory
                0x080005e4       0x34 ./Core/Src/bsp.o
                0x080005e4                vApplicationGetIdleTaskMemory
 .text.BSP_init
                0x08000618      0x12c ./Core/Src/bsp.o
                0x08000618                BSP_init
 .text.BSP_start
                0x08000744       0x4c ./Core/Src/bsp.o
                0x08000744                BSP_start
 .text.BSP_randomSeed
                0x08000790       0x20 ./Core/Src/bsp.o
                0x08000790                BSP_randomSeed
 .text.BSP_ledOn
                0x080007b0       0x1a ./Core/Src/bsp.o
                0x080007b0                BSP_ledOn
 .text.BSP_ledOff
                0x080007ca       0x1a ./Core/Src/bsp.o
                0x080007ca                BSP_ledOff
 .text.QF_onStartup
                0x080007e4       0x2e ./Core/Src/bsp.o
                0x080007e4                QF_onStartup
 .text.main     0x08000812       0x1a ./Core/Src/main.o
                0x08000812                main
 .text.SystemInit
                0x0800082c      0x140 ./Core/Src/system_stm32h7xx.o
                0x0800082c                SystemInit
 .text.SystemCoreClockUpdate
                0x0800096c      0x2f4 ./Core/Src/system_stm32h7xx.o
                0x0800096c                SystemCoreClockUpdate
 .text.ExitRun0Mode
                0x08000c60       0x30 ./Core/Src/system_stm32h7xx.o
                0x08000c60                ExitRun0Mode
 .text.Reset_Handler
                0x08000c90       0x54 ./Core/Startup/startup_stm32h743zitx.o
                0x08000c90                Reset_Handler
 .text.Default_Handler
                0x08000ce4        0x2 ./Core/Startup/startup_stm32h743zitx.o
                0x08000ce4                RTC_Alarm_IRQHandler
                0x08000ce4                EXTI2_IRQHandler
                0x08000ce4                TIM8_CC_IRQHandler
                0x08000ce4                HRTIM1_Master_IRQHandler
                0x08000ce4                DebugMon_Handler
                0x08000ce4                UART8_IRQHandler
                0x08000ce4                SPI4_IRQHandler
                0x08000ce4                TIM1_CC_IRQHandler
                0x08000ce4                BDMA_Channel6_IRQHandler
                0x08000ce4                DMA2_Stream5_IRQHandler
                0x08000ce4                HardFault_Handler
                0x08000ce4                HRTIM1_FLT_IRQHandler
                0x08000ce4                JPEG_IRQHandler
                0x08000ce4                DMA1_Stream5_IRQHandler
                0x08000ce4                BDMA_Channel1_IRQHandler
                0x08000ce4                HRTIM1_TIMD_IRQHandler
                0x08000ce4                TAMP_STAMP_IRQHandler
                0x08000ce4                NMI_Handler
                0x08000ce4                EXTI3_IRQHandler
                0x08000ce4                LPTIM4_IRQHandler
                0x08000ce4                TIM8_TRG_COM_TIM14_IRQHandler
                0x08000ce4                LPTIM2_IRQHandler
                0x08000ce4                DFSDM1_FLT1_IRQHandler
                0x08000ce4                DMAMUX2_OVR_IRQHandler
                0x08000ce4                TIM8_UP_TIM13_IRQHandler
                0x08000ce4                I2C3_ER_IRQHandler
                0x08000ce4                DFSDM1_FLT2_IRQHandler
                0x08000ce4                MDMA_IRQHandler
                0x08000ce4                LPTIM3_IRQHandler
                0x08000ce4                HSEM1_IRQHandler
                0x08000ce4                I2C2_EV_IRQHandler
                0x08000ce4                DMA1_Stream2_IRQHandler
                0x08000ce4                FPU_IRQHandler
                0x08000ce4                OTG_HS_WKUP_IRQHandler
                0x08000ce4                FDCAN1_IT1_IRQHandler
                0x08000ce4                UsageFault_Handler
                0x08000ce4                LTDC_ER_IRQHandler
                0x08000ce4                DMA2_Stream2_IRQHandler
                0x08000ce4                HRTIM1_TIME_IRQHandler
                0x08000ce4                SPI1_IRQHandler
                0x08000ce4                TIM6_DAC_IRQHandler
                0x08000ce4                DCMI_IRQHandler
                0x08000ce4                HRTIM1_TIMC_IRQHandler
                0x08000ce4                DMA2_Stream3_IRQHandler
                0x08000ce4                SAI2_IRQHandler
                0x08000ce4                DFSDM1_FLT3_IRQHandler
                0x08000ce4                USART6_IRQHandler
                0x08000ce4                TIM17_IRQHandler
                0x08000ce4                USART3_IRQHandler
                0x08000ce4                BDMA_Channel7_IRQHandler
                0x08000ce4                LPTIM5_IRQHandler
                0x08000ce4                UART5_IRQHandler
                0x08000ce4                ADC3_IRQHandler
                0x08000ce4                DMA2_Stream0_IRQHandler
                0x08000ce4                TIM4_IRQHandler
                0x08000ce4                BDMA_Channel2_IRQHandler
                0x08000ce4                QUADSPI_IRQHandler
                0x08000ce4                I2C1_EV_IRQHandler
                0x08000ce4                DMA1_Stream6_IRQHandler
                0x08000ce4                DMAMUX1_OVR_IRQHandler
                0x08000ce4                DMA1_Stream1_IRQHandler
                0x08000ce4                TIM16_IRQHandler
                0x08000ce4                UART4_IRQHandler
                0x08000ce4                BDMA_Channel5_IRQHandler
                0x08000ce4                TIM3_IRQHandler
                0x08000ce4                RCC_IRQHandler
                0x08000ce4                TIM8_BRK_TIM12_IRQHandler
                0x08000ce4                TIM1_TRG_COM_IRQHandler
                0x08000ce4                Default_Handler
                0x08000ce4                ECC_IRQHandler
                0x08000ce4                CEC_IRQHandler
                0x08000ce4                EXTI15_10_IRQHandler
                0x08000ce4                BDMA_Channel0_IRQHandler
                0x08000ce4                ADC_IRQHandler
                0x08000ce4                DMA1_Stream7_IRQHandler
                0x08000ce4                HRTIM1_TIMA_IRQHandler
                0x08000ce4                SPI5_IRQHandler
                0x08000ce4                TIM7_IRQHandler
                0x08000ce4                SDMMC1_IRQHandler
                0x08000ce4                TIM5_IRQHandler
                0x08000ce4                DMA2_Stream7_IRQHandler
                0x08000ce4                TIM15_IRQHandler
                0x08000ce4                PVD_AVD_IRQHandler
                0x08000ce4                I2C3_EV_IRQHandler
                0x08000ce4                EXTI9_5_IRQHandler
                0x08000ce4                RTC_WKUP_IRQHandler
                0x08000ce4                LTDC_IRQHandler
                0x08000ce4                SAI3_IRQHandler
                0x08000ce4                ETH_WKUP_IRQHandler
                0x08000ce4                SPDIF_RX_IRQHandler
                0x08000ce4                SPI2_IRQHandler
                0x08000ce4                OTG_HS_EP1_IN_IRQHandler
                0x08000ce4                MemManage_Handler
                0x08000ce4                DMA1_Stream0_IRQHandler
                0x08000ce4                CRS_IRQHandler
                0x08000ce4                EXTI4_IRQHandler
                0x08000ce4                RNG_IRQHandler
                0x08000ce4                HRTIM1_TIMB_IRQHandler
                0x08000ce4                FDCAN2_IT1_IRQHandler
                0x08000ce4                ETH_IRQHandler
                0x08000ce4                TIM1_UP_IRQHandler
                0x08000ce4                BDMA_Channel4_IRQHandler
                0x08000ce4                OTG_HS_EP1_OUT_IRQHandler
                0x08000ce4                WWDG_IRQHandler
                0x08000ce4                SPI6_IRQHandler
                0x08000ce4                MDIOS_IRQHandler
                0x08000ce4                I2C4_EV_IRQHandler
                0x08000ce4                FDCAN2_IT0_IRQHandler
                0x08000ce4                LPUART1_IRQHandler
                0x08000ce4                FDCAN1_IT0_IRQHandler
                0x08000ce4                TIM2_IRQHandler
                0x08000ce4                OTG_FS_WKUP_IRQHandler
                0x08000ce4                OTG_HS_IRQHandler
                0x08000ce4                DMA2D_IRQHandler
                0x08000ce4                TIM1_BRK_IRQHandler
                0x08000ce4                EXTI1_IRQHandler
                0x08000ce4                SDMMC2_IRQHandler
                0x08000ce4                OTG_FS_EP1_OUT_IRQHandler
                0x08000ce4                BDMA_Channel3_IRQHandler
                0x08000ce4                UART7_IRQHandler
                0x08000ce4                MDIOS_WKUP_IRQHandler
                0x08000ce4                USART2_IRQHandler
                0x08000ce4                DFSDM1_FLT0_IRQHandler
                0x08000ce4                SAI4_IRQHandler
                0x08000ce4                I2C2_ER_IRQHandler
                0x08000ce4                DMA2_Stream1_IRQHandler
                0x08000ce4                FLASH_IRQHandler
                0x08000ce4                DMA2_Stream4_IRQHandler
                0x08000ce4                BusFault_Handler
                0x08000ce4                USART1_IRQHandler
                0x08000ce4                OTG_FS_IRQHandler
                0x08000ce4                SPI3_IRQHandler
                0x08000ce4                WAKEUP_PIN_IRQHandler
                0x08000ce4                DMA1_Stream4_IRQHandler
                0x08000ce4                OTG_FS_EP1_IN_IRQHandler
                0x08000ce4                I2C1_ER_IRQHandler
                0x08000ce4                FMC_IRQHandler
                0x08000ce4                FDCAN_CAL_IRQHandler
                0x08000ce4                SWPMI1_IRQHandler
                0x08000ce4                COMP1_IRQHandler
                0x08000ce4                LPTIM1_IRQHandler
                0x08000ce4                I2C4_ER_IRQHandler
                0x08000ce4                DMA2_Stream6_IRQHandler
                0x08000ce4                SAI1_IRQHandler
                0x08000ce4                DMA1_Stream3_IRQHandler
 *fill*         0x08000ce6        0x2 
 .text.BSP_LED_Init
                0x08000ce8       0xec ./Drivers/BSP/STM32H7xx_Nucleo/stm32h7xx_nucleo.o
                0x08000ce8                BSP_LED_Init
 .text.BSP_LED_On
                0x08000dd4       0x54 ./Drivers/BSP/STM32H7xx_Nucleo/stm32h7xx_nucleo.o
                0x08000dd4                BSP_LED_On
 .text.BSP_LED_Off
                0x08000e28       0x54 ./Drivers/BSP/STM32H7xx_Nucleo/stm32h7xx_nucleo.o
                0x08000e28                BSP_LED_Off
 .text.BSP_PB_Init
                0x08000e7c       0xe4 ./Drivers/BSP/STM32H7xx_Nucleo/stm32h7xx_nucleo.o
                0x08000e7c                BSP_PB_Init
 .text.BSP_PB_Callback
                0x08000f60       0x16 ./Drivers/BSP/STM32H7xx_Nucleo/stm32h7xx_nucleo.o
                0x08000f60                BSP_PB_Callback
 .text.BUTTON_USER_EXTI_Callback
                0x08000f76        0xe ./Drivers/BSP/STM32H7xx_Nucleo/stm32h7xx_nucleo.o
 .text.__NVIC_GetPriorityGrouping
                0x08000f84       0x1c ./Drivers/STM32H7xx_HAL_Driver/Src/stm32h7xx_hal_cortex.o
 .text.__NVIC_EnableIRQ
                0x08000fa0       0x3c ./Drivers/STM32H7xx_HAL_Driver/Src/stm32h7xx_hal_cortex.o
 .text.__NVIC_SetPriority
                0x08000fdc       0x54 ./Drivers/STM32H7xx_HAL_Driver/Src/stm32h7xx_hal_cortex.o
 .text.NVIC_EncodePriority
                0x08001030       0x66 ./Drivers/STM32H7xx_HAL_Driver/Src/stm32h7xx_hal_cortex.o
 .text.HAL_NVIC_SetPriority
                0x08001096       0x34 ./Drivers/STM32H7xx_HAL_Driver/Src/stm32h7xx_hal_cortex.o
                0x08001096                HAL_NVIC_SetPriority
 .text.HAL_NVIC_EnableIRQ
                0x080010ca       0x1c ./Drivers/STM32H7xx_HAL_Driver/Src/stm32h7xx_hal_cortex.o
                0x080010ca                HAL_NVIC_EnableIRQ
 .text.HAL_EXTI_RegisterCallback
                0x080010e6       0x3e ./Drivers/STM32H7xx_HAL_Driver/Src/stm32h7xx_hal_exti.o
                0x080010e6                HAL_EXTI_RegisterCallback
 .text.HAL_EXTI_GetHandle
                0x08001124       0x28 ./Drivers/STM32H7xx_HAL_Driver/Src/stm32h7xx_hal_exti.o
                0x08001124                HAL_EXTI_GetHandle
 .text.HAL_GPIO_Init
                0x0800114c      0x360 ./Drivers/STM32H7xx_HAL_Driver/Src/stm32h7xx_hal_gpio.o
                0x0800114c                HAL_GPIO_Init
 .text.HAL_GPIO_WritePin
                0x080014ac       0x32 ./Drivers/STM32H7xx_HAL_Driver/Src/stm32h7xx_hal_gpio.o
                0x080014ac                HAL_GPIO_WritePin
 *fill*         0x080014de        0x2 
 .text.pxPortInitialiseStack
                0x080014e0       0x68 ./frameworks/qpc/FreeRTOS/ARM_CM7/r0p1/port.o
                0x080014e0                pxPortInitialiseStack
 .text.prvTaskExitError
                0x08001548       0x50 ./frameworks/qpc/FreeRTOS/ARM_CM7/r0p1/port.o
 *fill*         0x08001598        0x8 
 .text.SVC_Handler
                0x080015a0       0x28 ./frameworks/qpc/FreeRTOS/ARM_CM7/r0p1/port.o
                0x080015a0                SVC_Handler
 .text.prvPortStartFirstTask
                0x080015c8       0x2c ./frameworks/qpc/FreeRTOS/ARM_CM7/r0p1/port.o
 .text.xPortStartScheduler
                0x080015f4      0x114 ./frameworks/qpc/FreeRTOS/ARM_CM7/r0p1/port.o
                0x080015f4                xPortStartScheduler
 .text.vPortEnterCritical
                0x08001708       0x58 ./frameworks/qpc/FreeRTOS/ARM_CM7/r0p1/port.o
                0x08001708                vPortEnterCritical
 .text.vPortExitCritical
                0x08001760       0x48 ./frameworks/qpc/FreeRTOS/ARM_CM7/r0p1/port.o
                0x08001760                vPortExitCritical
 *fill*         0x080017a8        0x8 
 .text.PendSV_Handler
                0x080017b0       0x68 ./frameworks/qpc/FreeRTOS/ARM_CM7/r0p1/port.o
                0x080017b0                PendSV_Handler
 .text.SysTick_Handler
                0x08001818       0x48 ./frameworks/qpc/FreeRTOS/ARM_CM7/r0p1/port.o
                0x08001818                SysTick_Handler
 .text.vPortSetupTimerInterrupt
                0x08001860       0x48 ./frameworks/qpc/FreeRTOS/ARM_CM7/r0p1/port.o
                0x08001860                vPortSetupTimerInterrupt
 .text.vPortEnableVFP
                0x080018a8       0x18 ./frameworks/qpc/FreeRTOS/ARM_CM7/r0p1/port.o
 .text.vPortValidateInterruptPriority
                0x080018c0       0x68 ./frameworks/qpc/FreeRTOS/ARM_CM7/r0p1/port.o
                0x080018c0                vPortValidateInterruptPriority
 .text.vPortFree
                0x08001928       0xa4 ./frameworks/qpc/FreeRTOS/MemMang/heap_4.o
                0x08001928                vPortFree
 .text.prvInsertBlockIntoFreeList
                0x080019cc       0xb4 ./frameworks/qpc/FreeRTOS/MemMang/heap_4.o
 .text.vListInitialise
                0x08001a80       0x40 ./frameworks/qpc/FreeRTOS/list.o
                0x08001a80                vListInitialise
 .text.vListInitialiseItem
                0x08001ac0       0x1a ./frameworks/qpc/FreeRTOS/list.o
                0x08001ac0                vListInitialiseItem
 .text.vListInsert
                0x08001ada       0x72 ./frameworks/qpc/FreeRTOS/list.o
                0x08001ada                vListInsert
 .text.uxListRemove
                0x08001b4c       0x54 ./frameworks/qpc/FreeRTOS/list.o
                0x08001b4c                uxListRemove
 .text.xQueueGenericReset
                0x08001ba0      0x10c ./frameworks/qpc/FreeRTOS/queue.o
                0x08001ba0                xQueueGenericReset
 .text.xQueueGenericCreateStatic
                0x08001cac       0x9c ./frameworks/qpc/FreeRTOS/queue.o
                0x08001cac                xQueueGenericCreateStatic
 .text.prvInitialiseNewQueue
                0x08001d48       0x3e ./frameworks/qpc/FreeRTOS/queue.o
 *fill*         0x08001d86        0x2 
 .text.xQueueGenericSendFromISR
                0x08001d88      0x13c ./frameworks/qpc/FreeRTOS/queue.o
                0x08001d88                xQueueGenericSendFromISR
 .text.xQueueReceive
                0x08001ec4      0x1a0 ./frameworks/qpc/FreeRTOS/queue.o
                0x08001ec4                xQueueReceive
 .text.prvCopyDataToQueue
                0x08002064       0xd4 ./frameworks/qpc/FreeRTOS/queue.o
 .text.prvCopyDataFromQueue
                0x08002138       0x4c ./frameworks/qpc/FreeRTOS/queue.o
 .text.prvUnlockQueue
                0x08002184       0xa4 ./frameworks/qpc/FreeRTOS/queue.o
 .text.prvIsQueueEmpty
                0x08002228       0x2c ./frameworks/qpc/FreeRTOS/queue.o
 .text.xTaskCreateStatic
                0x08002254       0xa4 ./frameworks/qpc/FreeRTOS/tasks.o
                0x08002254                xTaskCreateStatic
 .text.prvInitialiseNewTask
                0x080022f8      0x108 ./frameworks/qpc/FreeRTOS/tasks.o
 .text.prvAddNewTaskToReadyList
                0x08002400      0x124 ./frameworks/qpc/FreeRTOS/tasks.o
 .text.vTaskStartScheduler
                0x08002524       0xc8 ./frameworks/qpc/FreeRTOS/tasks.o
                0x08002524                vTaskStartScheduler
 .text.vTaskSuspendAll
                0x080025ec       0x1c ./frameworks/qpc/FreeRTOS/tasks.o
                0x080025ec                vTaskSuspendAll
 .text.xTaskResumeAll
                0x08002608      0x1f0 ./frameworks/qpc/FreeRTOS/tasks.o
                0x08002608                xTaskResumeAll
 .text.uxTaskGetNumberOfTasks
                0x080027f8       0x18 ./frameworks/qpc/FreeRTOS/tasks.o
                0x080027f8                uxTaskGetNumberOfTasks
 .text.xTaskIncrementTick
                0x08002810      0x234 ./frameworks/qpc/FreeRTOS/tasks.o
                0x08002810                xTaskIncrementTick
 .text.vTaskSwitchContext
                0x08002a44       0xf8 ./frameworks/qpc/FreeRTOS/tasks.o
                0x08002a44                vTaskSwitchContext
 .text.vTaskPlaceOnEventList
                0x08002b3c       0x40 ./frameworks/qpc/FreeRTOS/tasks.o
                0x08002b3c                vTaskPlaceOnEventList
 .text.xTaskRemoveFromEventList
                0x08002b7c      0x1a0 ./frameworks/qpc/FreeRTOS/tasks.o
                0x08002b7c                xTaskRemoveFromEventList
 .text.vTaskInternalSetTimeOutState
                0x08002d1c       0x2c ./frameworks/qpc/FreeRTOS/tasks.o
                0x08002d1c                vTaskInternalSetTimeOutState
 .text.xTaskCheckForTimeOut
                0x08002d48       0xa8 ./frameworks/qpc/FreeRTOS/tasks.o
                0x08002d48                xTaskCheckForTimeOut
 .text.vTaskMissedYield
                0x08002df0       0x18 ./frameworks/qpc/FreeRTOS/tasks.o
                0x08002df0                vTaskMissedYield
 .text.prvIdleTask
                0x08002e08       0x14 ./frameworks/qpc/FreeRTOS/tasks.o
 .text.prvInitialiseTaskLists
                0x08002e1c       0x74 ./frameworks/qpc/FreeRTOS/tasks.o
 .text.prvCheckTasksWaitingTermination
                0x08002e90       0x5c ./frameworks/qpc/FreeRTOS/tasks.o
 .text.prvDeleteTCB
                0x08002eec       0x58 ./frameworks/qpc/FreeRTOS/tasks.o
 .text.prvResetNextTaskUnblockTime
                0x08002f44       0x38 ./frameworks/qpc/FreeRTOS/tasks.o
 .text.xTaskGetSchedulerState
                0x08002f7c       0x3c ./frameworks/qpc/FreeRTOS/tasks.o
                0x08002f7c                xTaskGetSchedulerState
 .text.xTaskPriorityDisinherit
                0x08002fb8      0x130 ./frameworks/qpc/FreeRTOS/tasks.o
                0x08002fb8                xTaskPriorityDisinherit
 .text.prvAddCurrentTaskToDelayedList
                0x080030e8       0xa8 ./frameworks/qpc/FreeRTOS/tasks.o
 .text.QEvt_verify_
                0x08003190       0x3e ./frameworks/qpc/port/qf_port.o
 .text.QEvt_getPoolNum_
                0x080031ce       0x1c ./frameworks/qpc/port/qf_port.o
 .text.QEvt_refCtr_inc_
                0x080031ea       0x42 ./frameworks/qpc/port/qf_port.o
 .text.QEvt_refCtr_dec_
                0x0800322c       0x42 ./frameworks/qpc/port/qf_port.o
 *fill*         0x0800326e        0x2 
 .text.QF_init  0x08003270       0x24 ./frameworks/qpc/port/qf_port.o
                0x08003270                QF_init
 .text.QF_run   0x08003294       0x1c ./frameworks/qpc/port/qf_port.o
                0x08003294                QF_run
 .text.task_function
                0x080032b0       0x2c ./frameworks/qpc/port/qf_port.o
 .text.QActive_start
                0x080032dc      0x100 ./frameworks/qpc/port/qf_port.o
                0x080032dc                QActive_start
 .text.QActive_get_
                0x080033dc       0x26 ./frameworks/qpc/port/qf_port.o
                0x080033dc                QActive_get_
 *fill*         0x08003402        0x2 
 .text.QActive_postFromISR_
                0x08003404      0x144 ./frameworks/qpc/port/qf_port.o
                0x08003404                QActive_postFromISR_
 .text.QTimeEvt_tickFromISR_
                0x08003548      0x268 ./frameworks/qpc/port/qf_port.o
                0x08003548                QTimeEvt_tickFromISR_
 .text.QF_newXFromISR_
                0x080037b0      0x12c ./frameworks/qpc/port/qf_port.o
                0x080037b0                QF_newXFromISR_
 .text.QF_gcFromISR
                0x080038dc       0xd8 ./frameworks/qpc/port/qf_port.o
                0x080038dc                QF_gcFromISR
 .text.QMPool_getFromISR
                0x080039b4      0x13c ./frameworks/qpc/port/qf_port.o
                0x080039b4                QMPool_getFromISR
 .text.QMPool_putFromISR
                0x08003af0       0xe8 ./frameworks/qpc/port/qf_port.o
                0x08003af0                QMPool_putFromISR
 .text.QEvt_verify_
                0x08003bd8       0x3e ./frameworks/qpc/src/qf/qep_hsm.o
 *fill*         0x08003c16        0x2 
 .text.QHsm_ctor
                0x08003c18       0x30 ./frameworks/qpc/src/qf/qep_hsm.o
                0x08003c18                QHsm_ctor
 .text.QHsm_init_
                0x08003c48      0x130 ./frameworks/qpc/src/qf/qep_hsm.o
                0x08003c48                QHsm_init_
 .text.QHsm_dispatch_
                0x08003d78      0x21c ./frameworks/qpc/src/qf/qep_hsm.o
                0x08003d78                QHsm_dispatch_
 .text.QHsm_isIn_
                0x08003f94       0xa4 ./frameworks/qpc/src/qf/qep_hsm.o
                0x08003f94                QHsm_isIn_
 .text.QHsm_tran_
                0x08004038      0x208 ./frameworks/qpc/src/qf/qep_hsm.o
                0x08004038                QHsm_tran_
 .text.QHsm_top
                0x08004240       0x18 ./frameworks/qpc/src/qf/qep_hsm.o
                0x08004240                QHsm_top
 .text.QF_bzero_
                0x08004258       0x3a ./frameworks/qpc/src/qf/qf_act.o
                0x08004258                QF_bzero_
 .text.QEvt_verify_
                0x08004292       0x3e ./frameworks/qpc/src/qf/qf_dyn.o
 .text.QEvt_getPoolNum_
                0x080042d0       0x1c ./frameworks/qpc/src/qf/qf_dyn.o
 .text.QEvt_refCtr_dec_
                0x080042ec       0x42 ./frameworks/qpc/src/qf/qf_dyn.o
 *fill*         0x0800432e        0x2 
 .text.QF_poolInit
                0x08004330       0x84 ./frameworks/qpc/src/qf/qf_dyn.o
                0x08004330                QF_poolInit
 .text.QF_gc    0x080043b4       0xa4 ./frameworks/qpc/src/qf/qf_dyn.o
                0x080043b4                QF_gc
 .text.QMPool_init
                0x08004458      0x144 ./frameworks/qpc/src/qf/qf_mem.o
                0x08004458                QMPool_init
 .text.QMPool_put
                0x0800459c       0xe0 ./frameworks/qpc/src/qf/qf_mem.o
                0x0800459c                QMPool_put
 .text.QPSet_setEmpty
                0x0800467c       0x1a ./frameworks/qpc/src/qf/qf_ps.o
 .text.QPSet_update_
                0x08004696       0x20 ./frameworks/qpc/src/qf/qf_ps.o
 *fill*         0x080046b6        0x2 
 .text.QActive_psInit
                0x080046b8       0x64 ./frameworks/qpc/src/qf/qf_ps.o
                0x080046b8                QActive_psInit
 .text.QActive_ctor
                0x0800471c       0x2c ./frameworks/qpc/src/qf/qf_qact.o
                0x0800471c                QActive_ctor
 .text.QActive_register_
                0x08004748      0x118 ./frameworks/qpc/src/qf/qf_qact.o
                0x08004748                QActive_register_
 .text.QEvt_ctor
                0x08004860       0x2a ./frameworks/qpc/src/qf/qf_time.o
 .text.QEvt_verify_
                0x0800488a       0x3e ./frameworks/qpc/src/qf/qf_time.o
 .text.QTimeEvt_ctorX
                0x080048c8       0x7c ./frameworks/qpc/src/qf/qf_time.o
                0x080048c8                QTimeEvt_ctorX
 .text.QTimeEvt_armX
                0x08004944      0x12c ./frameworks/qpc/src/qf/qf_time.o
                0x08004944                QTimeEvt_armX
 .text.QTimeEvt_init
                0x08004a70       0x54 ./frameworks/qpc/src/qf/qf_time.o
                0x08004a70                QTimeEvt_init
 .text.memset   0x08004ac4       0x10 C:/ST/STM32CubeIDE_1.17.0/STM32CubeIDE/plugins/com.st.stm32cube.ide.mcu.externaltools.gnu-tools-for-stm32.12.3.rel1.win32_1.1.0.202410251130/tools/bin/../lib/gcc/arm-none-eabi/12.3.1/../../../../arm-none-eabi/lib/thumb/v7e-m+dp/hard\libc_nano.a(libc_a-memset.o)
                0x08004ac4                memset
 .text.__libc_init_array
                0x08004ad4       0x48 C:/ST/STM32CubeIDE_1.17.0/STM32CubeIDE/plugins/com.st.stm32cube.ide.mcu.externaltools.gnu-tools-for-stm32.12.3.rel1.win32_1.1.0.202410251130/tools/bin/../lib/gcc/arm-none-eabi/12.3.1/../../../../arm-none-eabi/lib/thumb/v7e-m+dp/hard\libc_nano.a(libc_a-init.o)
                0x08004ad4                __libc_init_array
 .text.memcpy   0x08004b1c       0x1c C:/ST/STM32CubeIDE_1.17.0/STM32CubeIDE/plugins/com.st.stm32cube.ide.mcu.externaltools.gnu-tools-for-stm32.12.3.rel1.win32_1.1.0.202410251130/tools/bin/../lib/gcc/arm-none-eabi/12.3.1/../../../../arm-none-eabi/lib/thumb/v7e-m+dp/hard\libc_nano.a(libc_a-memcpy-stub.o)
                0x08004b1c                memcpy
 *(.glue_7)
 .glue_7        0x08004b38        0x0 linker stubs
 *(.glue_7t)
 .glue_7t       0x08004b38        0x0 linker stubs
 *(.eh_frame)
 .eh_frame      0x08004b38        0x0 C:/ST/STM32CubeIDE_1.17.0/STM32CubeIDE/plugins/com.st.stm32cube.ide.mcu.externaltools.gnu-tools-for-stm32.12.3.rel1.win32_1.1.0.202410251130/tools/bin/../lib/gcc/arm-none-eabi/12.3.1/thumb/v7e-m+dp/hard/crtbegin.o
 *(.init)
 .init          0x08004b38        0x4 C:/ST/STM32CubeIDE_1.17.0/STM32CubeIDE/plugins/com.st.stm32cube.ide.mcu.externaltools.gnu-tools-for-stm32.12.3.rel1.win32_1.1.0.202410251130/tools/bin/../lib/gcc/arm-none-eabi/12.3.1/thumb/v7e-m+dp/hard/crti.o
                0x08004b38                _init
 .init          0x08004b3c        0x8 C:/ST/STM32CubeIDE_1.17.0/STM32CubeIDE/plugins/com.st.stm32cube.ide.mcu.externaltools.gnu-tools-for-stm32.12.3.rel1.win32_1.1.0.202410251130/tools/bin/../lib/gcc/arm-none-eabi/12.3.1/thumb/v7e-m+dp/hard/crtn.o
 *(.fini)
 .fini          0x08004b44        0x4 C:/ST/STM32CubeIDE_1.17.0/STM32CubeIDE/plugins/com.st.stm32cube.ide.mcu.externaltools.gnu-tools-for-stm32.12.3.rel1.win32_1.1.0.202410251130/tools/bin/../lib/gcc/arm-none-eabi/12.3.1/thumb/v7e-m+dp/hard/crti.o
                0x08004b44                _fini
 .fini          0x08004b48        0x8 C:/ST/STM32CubeIDE_1.17.0/STM32CubeIDE/plugins/com.st.stm32cube.ide.mcu.externaltools.gnu-tools-for-stm32.12.3.rel1.win32_1.1.0.202410251130/tools/bin/../lib/gcc/arm-none-eabi/12.3.1/thumb/v7e-m+dp/hard/crtn.o
                0x08004b50                        . = ALIGN (0x4)
                0x08004b50                        _etext = .

.vfp11_veneer   0x08004b50        0x0
 .vfp11_veneer  0x08004b50        0x0 linker stubs

.v4_bx          0x08004b50        0x0
 .v4_bx         0x08004b50        0x0 linker stubs

.iplt           0x08004b50        0x0
 .iplt          0x08004b50        0x0 C:/ST/STM32CubeIDE_1.17.0/STM32CubeIDE/plugins/com.st.stm32cube.ide.mcu.externaltools.gnu-tools-for-stm32.12.3.rel1.win32_1.1.0.202410251130/tools/bin/../lib/gcc/arm-none-eabi/12.3.1/thumb/v7e-m+dp/hard/crtbegin.o

.rodata         0x08004b50      0x298
                0x08004b50                        . = ALIGN (0x4)
 *(.rodata)
 .rodata        0x08004b50       0x8d ./frameworks/qpc/FreeRTOS/ARM_CM7/r0p1/port.o
 *fill*         0x08004bdd        0x3 
 .rodata        0x08004be0       0x86 ./frameworks/qpc/FreeRTOS/MemMang/heap_4.o
 *fill*         0x08004c66        0x2 
 .rodata        0x08004c68       0x74 ./frameworks/qpc/FreeRTOS/queue.o
 .rodata        0x08004cdc       0x79 ./frameworks/qpc/FreeRTOS/tasks.o
 *fill*         0x08004d55        0x3 
 .rodata        0x08004d58        0x3 ./frameworks/qpc/port/qf_port.o
 *(.rodata*)
 *fill*         0x08004d5b        0x1 
 .rodata.AO_Blinky
                0x08004d5c        0x4 ./Core/Src/blinky.o
                0x08004d5c                AO_Blinky
 .rodata.Q_this_module_
                0x08004d60       0x12 ./Core/Src/bsp.o
 *fill*         0x08004d72        0x2 
 .rodata.D1CorePrescTable
                0x08004d74       0x10 ./Core/Src/system_stm32h7xx.o
                0x08004d74                D1CorePrescTable
 .rodata.LED_PIN
                0x08004d84        0x6 ./Drivers/BSP/STM32H7xx_Nucleo/stm32h7xx_nucleo.o
 *fill*         0x08004d8a        0x2 
 .rodata.BUTTON_EXTI_LINE.2
                0x08004d8c        0x4 ./Drivers/BSP/STM32H7xx_Nucleo/stm32h7xx_nucleo.o
 .rodata.Q_this_module_
                0x08004d90        0x8 ./frameworks/qpc/port/qf_port.o
 .rodata.Q_this_module_
                0x08004d98        0x8 ./frameworks/qpc/src/qf/qep_hsm.o
 .rodata.QEvt_reserved_
                0x08004da0       0x10 ./frameworks/qpc/src/qf/qep_hsm.o
                0x08004da0                QEvt_reserved_
 .rodata.vtable.0
                0x08004db0        0xc ./frameworks/qpc/src/qf/qep_hsm.o
 .rodata.Q_this_module_
                0x08004dbc        0x7 ./frameworks/qpc/src/qf/qf_dyn.o
 *fill*         0x08004dc3        0x1 
 .rodata.Q_this_module_
                0x08004dc4        0x7 ./frameworks/qpc/src/qf/qf_mem.o
 *fill*         0x08004dcb        0x1 
 .rodata.Q_this_module_
                0x08004dcc        0x8 ./frameworks/qpc/src/qf/qf_qact.o
 .rodata.vtable.0
                0x08004dd4        0xc ./frameworks/qpc/src/qf/qf_qact.o
 .rodata.Q_this_module_
                0x08004de0        0x8 ./frameworks/qpc/src/qf/qf_time.o
                0x08004de8                        . = ALIGN (0x4)

.ARM.extab
 *(.ARM.extab* .gnu.linkonce.armextab.*)

.ARM            0x08004de8        0x0
                0x08004de8                        __exidx_start = .
 *(.ARM.exidx*)
                0x08004de8                        __exidx_end = .

.preinit_array  0x08004de8        0x0
                0x08004de8                        PROVIDE (__preinit_array_start = .)
 *(.preinit_array*)
                0x08004de8                        PROVIDE (__preinit_array_end = .)

.init_array     0x08004de8        0x4
                0x08004de8                        PROVIDE (__init_array_start = .)
 *(SORT_BY_NAME(.init_array.*))
 *(.init_array*)
 .init_array    0x08004de8        0x4 C:/ST/STM32CubeIDE_1.17.0/STM32CubeIDE/plugins/com.st.stm32cube.ide.mcu.externaltools.gnu-tools-for-stm32.12.3.rel1.win32_1.1.0.202410251130/tools/bin/../lib/gcc/arm-none-eabi/12.3.1/thumb/v7e-m+dp/hard/crtbegin.o
                0x08004dec                        PROVIDE (__init_array_end = .)

.fini_array     0x08004dec        0x4
                [!provide]                        PROVIDE (__fini_array_start = .)
 *(SORT_BY_NAME(.fini_array.*))
 *(.fini_array*)
 .fini_array    0x08004dec        0x4 C:/ST/STM32CubeIDE_1.17.0/STM32CubeIDE/plugins/com.st.stm32cube.ide.mcu.externaltools.gnu-tools-for-stm32.12.3.rel1.win32_1.1.0.202410251130/tools/bin/../lib/gcc/arm-none-eabi/12.3.1/thumb/v7e-m+dp/hard/crtbegin.o
                [!provide]                        PROVIDE (__fini_array_end = .)
                0x08004df0                        _sidata = LOADADDR (.data)

.rel.dyn        0x08004df0        0x0
 .rel.iplt      0x08004df0        0x0 C:/ST/STM32CubeIDE_1.17.0/STM32CubeIDE/plugins/com.st.stm32cube.ide.mcu.externaltools.gnu-tools-for-stm32.12.3.rel1.win32_1.1.0.202410251130/tools/bin/../lib/gcc/arm-none-eabi/12.3.1/thumb/v7e-m+dp/hard/crtbegin.o

.data           0x24000000       0x28 load address 0x08004df0
                0x24000000                        . = ALIGN (0x4)
                0x24000000                        _sdata = .
 *(.data)
 *(.data*)
 .data.SystemCoreClock
                0x24000000        0x4 ./Core/Src/system_stm32h7xx.o
                0x24000000                SystemCoreClock
 .data.SystemD2Clock
                0x24000004        0x4 ./Core/Src/system_stm32h7xx.o
                0x24000004                SystemD2Clock
 .data.LED_PORT
                0x24000008        0xc ./Drivers/BSP/STM32H7xx_Nucleo/stm32h7xx_nucleo.o
 .data.BUTTON_PORT
                0x24000014        0x4 ./Drivers/BSP/STM32H7xx_Nucleo/stm32h7xx_nucleo.o
 .data.ButtonCallback.1
                0x24000018        0x4 ./Drivers/BSP/STM32H7xx_Nucleo/stm32h7xx_nucleo.o
 .data.BSP_BUTTON_PRIO.0
                0x2400001c        0x4 ./Drivers/BSP/STM32H7xx_Nucleo/stm32h7xx_nucleo.o
 .data.uxCriticalNesting
                0x24000020        0x4 ./frameworks/qpc/FreeRTOS/ARM_CM7/r0p1/port.o
 .data.uxTopUsedPriority
                0x24000024        0x4 ./frameworks/qpc/FreeRTOS/tasks.o
                0x24000024                uxTopUsedPriority
 *(.RamFunc)
 *(.RamFunc*)
                0x24000028                        . = ALIGN (0x4)
                0x24000028                        _edata = .

.igot.plt       0x24000028        0x0 load address 0x08004e18
 .igot.plt      0x24000028        0x0 C:/ST/STM32CubeIDE_1.17.0/STM32CubeIDE/plugins/com.st.stm32cube.ide.mcu.externaltools.gnu-tools-for-stm32.12.3.rel1.win32_1.1.0.202410251130/tools/bin/../lib/gcc/arm-none-eabi/12.3.1/thumb/v7e-m+dp/hard/crtbegin.o
                0x24000028                        . = ALIGN (0x4)

.bss            0x24000028      0xa10 load address 0x08004e18
                0x24000028                        _sbss = .
                0x24000028                        __bss_start__ = _sbss
 *(.bss)
 .bss           0x24000028       0x1c C:/ST/STM32CubeIDE_1.17.0/STM32CubeIDE/plugins/com.st.stm32cube.ide.mcu.externaltools.gnu-tools-for-stm32.12.3.rel1.win32_1.1.0.202410251130/tools/bin/../lib/gcc/arm-none-eabi/12.3.1/thumb/v7e-m+dp/hard/crtbegin.o
 *(.bss*)
 .bss.Blinky_inst
                0x24000044       0xcc ./Core/Src/blinky.o
                0x24000044                Blinky_inst
 .bss.l_rndSeed
                0x24000110        0x4 ./Core/Src/bsp.o
 .bss.xIdleTaskTCB.4
                0x24000114       0x4c ./Core/Src/bsp.o
 .bss.uxIdleTaskStack.3
                0x24000160      0x400 ./Core/Src/bsp.o
 .bss.smlPoolSto.2
                0x24000560       0x50 ./Core/Src/bsp.o
 .bss.subscrSto.1
                0x240005b0       0x28 ./Core/Src/bsp.o
 .bss.blinkyQueueSto.0
                0x240005d8       0x28 ./Core/Src/bsp.o
 .bss.hpb_exti  0x24000600        0x8 ./Drivers/BSP/STM32H7xx_Nucleo/stm32h7xx_nucleo.o
                0x24000600                hpb_exti
 .bss.ucMaxSysCallPriority
                0x24000608        0x1 ./frameworks/qpc/FreeRTOS/ARM_CM7/r0p1/port.o
 *fill*         0x24000609        0x3 
 .bss.ulMaxPRIGROUPValue
                0x2400060c        0x4 ./frameworks/qpc/FreeRTOS/ARM_CM7/r0p1/port.o
 .bss.xStart    0x24000610        0x8 ./frameworks/qpc/FreeRTOS/MemMang/heap_4.o
 .bss.pxEnd     0x24000618        0x4 ./frameworks/qpc/FreeRTOS/MemMang/heap_4.o
 .bss.xFreeBytesRemaining
                0x2400061c        0x4 ./frameworks/qpc/FreeRTOS/MemMang/heap_4.o
 .bss.xNumberOfSuccessfulFrees
                0x24000620        0x4 ./frameworks/qpc/FreeRTOS/MemMang/heap_4.o
 .bss.pxCurrentTCB
                0x24000624        0x4 ./frameworks/qpc/FreeRTOS/tasks.o
                0x24000624                pxCurrentTCB
 .bss.pxReadyTasksLists
                0x24000628      0x280 ./frameworks/qpc/FreeRTOS/tasks.o
 .bss.xDelayedTaskList1
                0x240008a8       0x14 ./frameworks/qpc/FreeRTOS/tasks.o
 .bss.xDelayedTaskList2
                0x240008bc       0x14 ./frameworks/qpc/FreeRTOS/tasks.o
 .bss.pxDelayedTaskList
                0x240008d0        0x4 ./frameworks/qpc/FreeRTOS/tasks.o
 .bss.pxOverflowDelayedTaskList
                0x240008d4        0x4 ./frameworks/qpc/FreeRTOS/tasks.o
 .bss.xPendingReadyList
                0x240008d8       0x14 ./frameworks/qpc/FreeRTOS/tasks.o
 .bss.xTasksWaitingTermination
                0x240008ec       0x14 ./frameworks/qpc/FreeRTOS/tasks.o
 .bss.uxDeletedTasksWaitingCleanUp
                0x24000900        0x4 ./frameworks/qpc/FreeRTOS/tasks.o
 .bss.uxCurrentNumberOfTasks
                0x24000904        0x4 ./frameworks/qpc/FreeRTOS/tasks.o
 .bss.xTickCount
                0x24000908        0x4 ./frameworks/qpc/FreeRTOS/tasks.o
 .bss.uxTopReadyPriority
                0x2400090c        0x4 ./frameworks/qpc/FreeRTOS/tasks.o
 .bss.xSchedulerRunning
                0x24000910        0x4 ./frameworks/qpc/FreeRTOS/tasks.o
 .bss.xPendedTicks
                0x24000914        0x4 ./frameworks/qpc/FreeRTOS/tasks.o
 .bss.xYieldPending
                0x24000918        0x4 ./frameworks/qpc/FreeRTOS/tasks.o
 .bss.xNumOfOverflows
                0x2400091c        0x4 ./frameworks/qpc/FreeRTOS/tasks.o
 .bss.uxTaskNumber
                0x24000920        0x4 ./frameworks/qpc/FreeRTOS/tasks.o
 .bss.xNextTaskUnblockTime
                0x24000924        0x4 ./frameworks/qpc/FreeRTOS/tasks.o
 .bss.xIdleTaskHandle
                0x24000928        0x4 ./frameworks/qpc/FreeRTOS/tasks.o
 .bss.uxSchedulerSuspended
                0x2400092c        0x4 ./frameworks/qpc/FreeRTOS/tasks.o
 .bss.QActive_registry_
                0x24000930       0x84 ./frameworks/qpc/src/qf/qf_act.o
                0x24000930                QActive_registry_
 .bss.QF_priv_  0x240009b4       0x58 ./frameworks/qpc/src/qf/qf_act.o
                0x240009b4                QF_priv_
 .bss.QActive_subscrList_
                0x24000a0c        0x4 ./frameworks/qpc/src/qf/qf_ps.o
                0x24000a0c                QActive_subscrList_
 .bss.QActive_maxPubSignal_
                0x24000a10        0x4 ./frameworks/qpc/src/qf/qf_ps.o
                0x24000a10                QActive_maxPubSignal_
 .bss.QTimeEvt_timeEvtHead_
                0x24000a14       0x20 ./frameworks/qpc/src/qf/qf_time.o
                0x24000a14                QTimeEvt_timeEvtHead_
 .bss.QTimeEvt_timeEvtHead_dis_
                0x24000a34        0x4 ./frameworks/qpc/src/qf/qf_time.o
                0x24000a34                QTimeEvt_timeEvtHead_dis_
 *(COMMON)
                0x24000a38                        . = ALIGN (0x4)
                0x24000a38                        _ebss = .
                0x24000a38                        __bss_end__ = _ebss

._user_heap_stack
                0x24000a38      0x600 load address 0x08004e18
                0x24000a38                        . = ALIGN (0x8)
                [!provide]                        PROVIDE (end = .)
                0x24000a38                        PROVIDE (_end = .)
                0x24000c38                        . = (. + _Min_Heap_Size)
 *fill*         0x24000a38      0x200 
                0x24001038                        . = (. + _Min_Stack_Size)
 *fill*         0x24000c38      0x400 
                0x24001038                        . = ALIGN (0x8)

/DISCARD/
 libc.a(*)
 libm.a(*)
 libgcc.a(*)

.ARM.attributes
                0x00000000       0x2e
 *(.ARM.attributes)
 .ARM.attributes
                0x00000000       0x20 C:/ST/STM32CubeIDE_1.17.0/STM32CubeIDE/plugins/com.st.stm32cube.ide.mcu.externaltools.gnu-tools-for-stm32.12.3.rel1.win32_1.1.0.202410251130/tools/bin/../lib/gcc/arm-none-eabi/12.3.1/thumb/v7e-m+dp/hard/crti.o
 .ARM.attributes
                0x00000020       0x32 C:/ST/STM32CubeIDE_1.17.0/STM32CubeIDE/plugins/com.st.stm32cube.ide.mcu.externaltools.gnu-tools-for-stm32.12.3.rel1.win32_1.1.0.202410251130/tools/bin/../lib/gcc/arm-none-eabi/12.3.1/thumb/v7e-m+dp/hard/crtbegin.o
 .ARM.attributes
                0x00000052       0x32 ./Core/Src/blinky.o
 .ARM.attributes
                0x00000084       0x32 ./Core/Src/bsp.o
 .ARM.attributes
                0x000000b6       0x32 ./Core/Src/main.o
 .ARM.attributes
                0x000000e8       0x32 ./Core/Src/system_stm32h7xx.o
 .ARM.attributes
                0x0000011a       0x21 ./Core/Startup/startup_stm32h743zitx.o
 .ARM.attributes
                0x0000013b       0x32 ./Drivers/BSP/STM32H7xx_Nucleo/stm32h7xx_nucleo.o
 .ARM.attributes
                0x0000016d       0x32 ./Drivers/STM32H7xx_HAL_Driver/Src/stm32h7xx_hal_cortex.o
 .ARM.attributes
                0x0000019f       0x32 ./Drivers/STM32H7xx_HAL_Driver/Src/stm32h7xx_hal_exti.o
 .ARM.attributes
                0x000001d1       0x32 ./Drivers/STM32H7xx_HAL_Driver/Src/stm32h7xx_hal_gpio.o
 .ARM.attributes
                0x00000203       0x32 ./frameworks/qpc/FreeRTOS/ARM_CM7/r0p1/port.o
 .ARM.attributes
                0x00000235       0x32 ./frameworks/qpc/FreeRTOS/MemMang/heap_4.o
 .ARM.attributes
                0x00000267       0x32 ./frameworks/qpc/FreeRTOS/list.o
 .ARM.attributes
                0x00000299       0x32 ./frameworks/qpc/FreeRTOS/queue.o
 .ARM.attributes
                0x000002cb       0x32 ./frameworks/qpc/FreeRTOS/tasks.o
 .ARM.attributes
                0x000002fd       0x32 ./frameworks/qpc/port/qf_port.o
 .ARM.attributes
                0x0000032f       0x32 ./frameworks/qpc/src/qf/qep_hsm.o
 .ARM.attributes
                0x00000361       0x32 ./frameworks/qpc/src/qf/qf_act.o
 .ARM.attributes
                0x00000393       0x32 ./frameworks/qpc/src/qf/qf_dyn.o
 .ARM.attributes
                0x000003c5       0x32 ./frameworks/qpc/src/qf/qf_mem.o
 .ARM.attributes
                0x000003f7       0x32 ./frameworks/qpc/src/qf/qf_ps.o
 .ARM.attributes
                0x00000429       0x32 ./frameworks/qpc/src/qf/qf_qact.o
 .ARM.attributes
                0x0000045b       0x32 ./frameworks/qpc/src/qf/qf_time.o
 .ARM.attributes
                0x0000048d       0x32 C:/ST/STM32CubeIDE_1.17.0/STM32CubeIDE/plugins/com.st.stm32cube.ide.mcu.externaltools.gnu-tools-for-stm32.12.3.rel1.win32_1.1.0.202410251130/tools/bin/../lib/gcc/arm-none-eabi/12.3.1/../../../../arm-none-eabi/lib/thumb/v7e-m+dp/hard\libc_nano.a(libc_a-memset.o)
 .ARM.attributes
                0x000004bf       0x32 C:/ST/STM32CubeIDE_1.17.0/STM32CubeIDE/plugins/com.st.stm32cube.ide.mcu.externaltools.gnu-tools-for-stm32.12.3.rel1.win32_1.1.0.202410251130/tools/bin/../lib/gcc/arm-none-eabi/12.3.1/../../../../arm-none-eabi/lib/thumb/v7e-m+dp/hard\libc_nano.a(libc_a-init.o)
 .ARM.attributes
                0x000004f1       0x32 C:/ST/STM32CubeIDE_1.17.0/STM32CubeIDE/plugins/com.st.stm32cube.ide.mcu.externaltools.gnu-tools-for-stm32.12.3.rel1.win32_1.1.0.202410251130/tools/bin/../lib/gcc/arm-none-eabi/12.3.1/../../../../arm-none-eabi/lib/thumb/v7e-m+dp/hard\libc_nano.a(libc_a-memcpy-stub.o)
 .ARM.attributes
                0x00000523       0x20 C:/ST/STM32CubeIDE_1.17.0/STM32CubeIDE/plugins/com.st.stm32cube.ide.mcu.externaltools.gnu-tools-for-stm32.12.3.rel1.win32_1.1.0.202410251130/tools/bin/../lib/gcc/arm-none-eabi/12.3.1/thumb/v7e-m+dp/hard/crtn.o
OUTPUT(blinky.elf elf32-littlearm)
LOAD linker stubs
LOAD C:/ST/STM32CubeIDE_1.17.0/STM32CubeIDE/plugins/com.st.stm32cube.ide.mcu.externaltools.gnu-tools-for-stm32.12.3.rel1.win32_1.1.0.202410251130/tools/bin/../lib/gcc/arm-none-eabi/12.3.1/../../../../arm-none-eabi/lib/thumb/v7e-m+dp/hard\libc.a
LOAD C:/ST/STM32CubeIDE_1.17.0/STM32CubeIDE/plugins/com.st.stm32cube.ide.mcu.externaltools.gnu-tools-for-stm32.12.3.rel1.win32_1.1.0.202410251130/tools/bin/../lib/gcc/arm-none-eabi/12.3.1/../../../../arm-none-eabi/lib/thumb/v7e-m+dp/hard\libm.a
LOAD C:/ST/STM32CubeIDE_1.17.0/STM32CubeIDE/plugins/com.st.stm32cube.ide.mcu.externaltools.gnu-tools-for-stm32.12.3.rel1.win32_1.1.0.202410251130/tools/bin/../lib/gcc/arm-none-eabi/12.3.1/thumb/v7e-m+dp/hard\libgcc.a

.debug_info     0x00000000    0x10b14
 .debug_info    0x00000000      0xa6b ./Core/Src/blinky.o
 .debug_info    0x00000a6b     0x19ba ./Core/Src/bsp.o
 .debug_info    0x00002425       0xd8 ./Core/Src/main.o
 .debug_info    0x000024fd      0xdc1 ./Core/Src/system_stm32h7xx.o
 .debug_info    0x000032be       0x30 ./Core/Startup/startup_stm32h743zitx.o
 .debug_info    0x000032ee     0x1a7c ./Drivers/BSP/STM32H7xx_Nucleo/stm32h7xx_nucleo.o
 .debug_info    0x00004d6a     0x10bc ./Drivers/STM32H7xx_HAL_Driver/Src/stm32h7xx_hal_cortex.o
 .debug_info    0x00005e26      0x916 ./Drivers/STM32H7xx_HAL_Driver/Src/stm32h7xx_hal_exti.o
 .debug_info    0x0000673c      0xc5a ./Drivers/STM32H7xx_HAL_Driver/Src/stm32h7xx_hal_gpio.o
 .debug_info    0x00007396      0x41e ./frameworks/qpc/FreeRTOS/ARM_CM7/r0p1/port.o
 .debug_info    0x000077b4      0x4c4 ./frameworks/qpc/FreeRTOS/MemMang/heap_4.o
 .debug_info    0x00007c78      0x2af ./frameworks/qpc/FreeRTOS/list.o
 .debug_info    0x00007f27     0x16b3 ./frameworks/qpc/FreeRTOS/queue.o
 .debug_info    0x000095da     0x1d34 ./frameworks/qpc/FreeRTOS/tasks.o
 .debug_info    0x0000b30e     0x1841 ./frameworks/qpc/port/qf_port.o
 .debug_info    0x0000cb4f      0x888 ./frameworks/qpc/src/qf/qep_hsm.o
 .debug_info    0x0000d3d7      0x9ea ./frameworks/qpc/src/qf/qf_act.o
 .debug_info    0x0000ddc1      0x60f ./frameworks/qpc/src/qf/qf_dyn.o
 .debug_info    0x0000e3d0      0x3fb ./frameworks/qpc/src/qf/qf_mem.o
 .debug_info    0x0000e7cb      0xd04 ./frameworks/qpc/src/qf/qf_ps.o
 .debug_info    0x0000f4cf      0x978 ./frameworks/qpc/src/qf/qf_qact.o
 .debug_info    0x0000fe47      0xccd ./frameworks/qpc/src/qf/qf_time.o

.debug_abbrev   0x00000000     0x3738
 .debug_abbrev  0x00000000      0x27d ./Core/Src/blinky.o
 .debug_abbrev  0x0000027d      0x4df ./Core/Src/bsp.o
 .debug_abbrev  0x0000075c       0x91 ./Core/Src/main.o
 .debug_abbrev  0x000007ed      0x165 ./Core/Src/system_stm32h7xx.o
 .debug_abbrev  0x00000952       0x24 ./Core/Startup/startup_stm32h743zitx.o
 .debug_abbrev  0x00000976      0x340 ./Drivers/BSP/STM32H7xx_Nucleo/stm32h7xx_nucleo.o
 .debug_abbrev  0x00000cb6      0x339 ./Drivers/STM32H7xx_HAL_Driver/Src/stm32h7xx_hal_cortex.o
 .debug_abbrev  0x00000fef      0x1df ./Drivers/STM32H7xx_HAL_Driver/Src/stm32h7xx_hal_exti.o
 .debug_abbrev  0x000011ce      0x205 ./Drivers/STM32H7xx_HAL_Driver/Src/stm32h7xx_hal_gpio.o
 .debug_abbrev  0x000013d3      0x257 ./frameworks/qpc/FreeRTOS/ARM_CM7/r0p1/port.o
 .debug_abbrev  0x0000162a      0x208 ./frameworks/qpc/FreeRTOS/MemMang/heap_4.o
 .debug_abbrev  0x00001832       0xf5 ./frameworks/qpc/FreeRTOS/list.o
 .debug_abbrev  0x00001927      0x35a ./frameworks/qpc/FreeRTOS/queue.o
 .debug_abbrev  0x00001c81      0x36d ./frameworks/qpc/FreeRTOS/tasks.o
 .debug_abbrev  0x00001fee      0x4bb ./frameworks/qpc/port/qf_port.o
 .debug_abbrev  0x000024a9      0x303 ./frameworks/qpc/src/qf/qep_hsm.o
 .debug_abbrev  0x000027ac      0x253 ./frameworks/qpc/src/qf/qf_act.o
 .debug_abbrev  0x000029ff      0x277 ./frameworks/qpc/src/qf/qf_dyn.o
 .debug_abbrev  0x00002c76      0x185 ./frameworks/qpc/src/qf/qf_mem.o
 .debug_abbrev  0x00002dfb      0x373 ./frameworks/qpc/src/qf/qf_ps.o
 .debug_abbrev  0x0000316e      0x28e ./frameworks/qpc/src/qf/qf_qact.o
 .debug_abbrev  0x000033fc      0x33c ./frameworks/qpc/src/qf/qf_time.o

.debug_aranges  0x00000000      0xb58
 .debug_aranges
                0x00000000       0x38 ./Core/Src/blinky.o
 .debug_aranges
                0x00000038       0xb8 ./Core/Src/bsp.o
 .debug_aranges
                0x000000f0       0x20 ./Core/Src/main.o
 .debug_aranges
                0x00000110       0x30 ./Core/Src/system_stm32h7xx.o
 .debug_aranges
                0x00000140       0x28 ./Core/Startup/startup_stm32h743zitx.o
 .debug_aranges
                0x00000168       0xb8 ./Drivers/BSP/STM32H7xx_Nucleo/stm32h7xx_nucleo.o
 .debug_aranges
                0x00000220      0x130 ./Drivers/STM32H7xx_HAL_Driver/Src/stm32h7xx_hal_cortex.o
 .debug_aranges
                0x00000350       0x60 ./Drivers/STM32H7xx_HAL_Driver/Src/stm32h7xx_hal_exti.o
 .debug_aranges
                0x000003b0       0x58 ./Drivers/STM32H7xx_HAL_Driver/Src/stm32h7xx_hal_gpio.o
 .debug_aranges
                0x00000408       0x80 ./frameworks/qpc/FreeRTOS/ARM_CM7/r0p1/port.o
 .debug_aranges
                0x00000488       0x60 ./frameworks/qpc/FreeRTOS/MemMang/heap_4.o
 .debug_aranges
                0x000004e8       0x40 ./frameworks/qpc/FreeRTOS/list.o
 .debug_aranges
                0x00000528      0x150 ./frameworks/qpc/FreeRTOS/queue.o
 .debug_aranges
                0x00000678      0x1b8 ./frameworks/qpc/FreeRTOS/tasks.o
 .debug_aranges
                0x00000830       0xd8 ./frameworks/qpc/port/qf_port.o
 .debug_aranges
                0x00000908       0x58 ./frameworks/qpc/src/qf/qep_hsm.o
 .debug_aranges
                0x00000960       0x28 ./frameworks/qpc/src/qf/qf_act.o
 .debug_aranges
                0x00000988       0x70 ./frameworks/qpc/src/qf/qf_dyn.o
 .debug_aranges
                0x000009f8       0x30 ./frameworks/qpc/src/qf/qf_mem.o
 .debug_aranges
                0x00000a28       0x90 ./frameworks/qpc/src/qf/qf_ps.o
 .debug_aranges
                0x00000ab8       0x30 ./frameworks/qpc/src/qf/qf_qact.o
 .debug_aranges
                0x00000ae8       0x70 ./frameworks/qpc/src/qf/qf_time.o

.debug_rnglists
                0x00000000      0x889
 .debug_rnglists
                0x00000000       0x25 ./Core/Src/blinky.o
 .debug_rnglists
                0x00000025       0x86 ./Core/Src/bsp.o
 .debug_rnglists
                0x000000ab       0x13 ./Core/Src/main.o
 .debug_rnglists
                0x000000be       0x21 ./Core/Src/system_stm32h7xx.o
 .debug_rnglists
                0x000000df       0x19 ./Core/Startup/startup_stm32h743zitx.o
 .debug_rnglists
                0x000000f8       0x88 ./Drivers/BSP/STM32H7xx_Nucleo/stm32h7xx_nucleo.o
 .debug_rnglists
                0x00000180       0xe0 ./Drivers/STM32H7xx_HAL_Driver/Src/stm32h7xx_hal_cortex.o
 .debug_rnglists
                0x00000260       0x46 ./Drivers/STM32H7xx_HAL_Driver/Src/stm32h7xx_hal_exti.o
 .debug_rnglists
                0x000002a6       0x3f ./Drivers/STM32H7xx_HAL_Driver/Src/stm32h7xx_hal_gpio.o
 .debug_rnglists
                0x000002e5       0x5c ./frameworks/qpc/FreeRTOS/ARM_CM7/r0p1/port.o
 .debug_rnglists
                0x00000341       0x48 ./frameworks/qpc/FreeRTOS/MemMang/heap_4.o
 .debug_rnglists
                0x00000389       0x2b ./frameworks/qpc/FreeRTOS/list.o
 .debug_rnglists
                0x000003b4      0x105 ./frameworks/qpc/FreeRTOS/queue.o
 .debug_rnglists
                0x000004b9      0x15e ./frameworks/qpc/FreeRTOS/tasks.o
 .debug_rnglists
                0x00000617       0xb6 ./frameworks/qpc/port/qf_port.o
 .debug_rnglists
                0x000006cd       0x42 ./frameworks/qpc/src/qf/qep_hsm.o
 .debug_rnglists
                0x0000070f       0x19 ./frameworks/qpc/src/qf/qf_act.o
 .debug_rnglists
                0x00000728       0x52 ./frameworks/qpc/src/qf/qf_dyn.o
 .debug_rnglists
                0x0000077a       0x22 ./frameworks/qpc/src/qf/qf_mem.o
 .debug_rnglists
                0x0000079c       0x6b ./frameworks/qpc/src/qf/qf_ps.o
 .debug_rnglists
                0x00000807       0x20 ./frameworks/qpc/src/qf/qf_qact.o
 .debug_rnglists
                0x00000827       0x62 ./frameworks/qpc/src/qf/qf_time.o

.debug_macro    0x00000000    0x379c7
 .debug_macro   0x00000000      0x168 ./Core/Src/blinky.o
 .debug_macro   0x00000168      0xad8 ./Core/Src/blinky.o
 .debug_macro   0x00000c40       0x22 ./Core/Src/blinky.o
 .debug_macro   0x00000c62       0x8e ./Core/Src/blinky.o
 .debug_macro   0x00000cf0       0x51 ./Core/Src/blinky.o
 .debug_macro   0x00000d41      0x103 ./Core/Src/blinky.o
 .debug_macro   0x00000e44       0x6a ./Core/Src/blinky.o
 .debug_macro   0x00000eae      0x1df ./Core/Src/blinky.o
 .debug_macro   0x0000108d       0x22 ./Core/Src/blinky.o
 .debug_macro   0x000010af       0x59 ./Core/Src/blinky.o
 .debug_macro   0x00001108       0x40 ./Core/Src/blinky.o
 .debug_macro   0x00001148      0x189 ./Core/Src/blinky.o
 .debug_macro   0x000012d1       0x16 ./Core/Src/blinky.o
 .debug_macro   0x000012e7      0x137 ./Core/Src/blinky.o
 .debug_macro   0x0000141e       0x10 ./Core/Src/blinky.o
 .debug_macro   0x0000142e      0x179 ./Core/Src/blinky.o
 .debug_macro   0x000015a7       0xeb ./Core/Src/blinky.o
 .debug_macro   0x00001692       0x28 ./Core/Src/blinky.o
 .debug_macro   0x000016ba       0x1f ./Core/Src/blinky.o
 .debug_macro   0x000016d9       0x12 ./Core/Src/blinky.o
 .debug_macro   0x000016eb      0x4fb ./Core/Src/blinky.o
 .debug_macro   0x00001be6       0xc3 ./Core/Src/blinky.o
 .debug_macro   0x00001ca9      0x12c ./Core/Src/blinky.o
 .debug_macro   0x00001dd5       0x8e ./Core/Src/blinky.o
 .debug_macro   0x00001e63       0x10 ./Core/Src/blinky.o
 .debug_macro   0x00001e73      0x196 ./Core/Src/blinky.o
 .debug_macro   0x00002009       0x30 ./Core/Src/blinky.o
 .debug_macro   0x00002039       0x7e ./Core/Src/blinky.o
 .debug_macro   0x000020b7      0x100 ./Core/Src/blinky.o
 .debug_macro   0x000021b7       0x4f ./Core/Src/blinky.o
 .debug_macro   0x00002206       0x10 ./Core/Src/blinky.o
 .debug_macro   0x00002216      0x3df ./Core/Src/bsp.o
 .debug_macro   0x000025f5      0x232 ./Core/Src/bsp.o
 .debug_macro   0x00002827       0x2e ./Core/Src/bsp.o
 .debug_macro   0x00002855       0x3b ./Core/Src/bsp.o
 .debug_macro   0x00002890       0x2e ./Core/Src/bsp.o
 .debug_macro   0x000028be       0x10 ./Core/Src/bsp.o
 .debug_macro   0x000028ce       0x34 ./Core/Src/bsp.o
 .debug_macro   0x00002902      0x26d ./Core/Src/bsp.o
 .debug_macro   0x00002b6f       0x28 ./Core/Src/bsp.o
 .debug_macro   0x00002b97     0x14a2 ./Core/Src/bsp.o
 .debug_macro   0x00004039      0x11f ./Core/Src/bsp.o
 .debug_macro   0x00004158       0x22 ./Core/Src/bsp.o
 .debug_macro   0x0000417a    0x25b9b ./Core/Src/bsp.o
 .debug_macro   0x00029d15       0x6d ./Core/Src/bsp.o
 .debug_macro   0x00029d82     0x3d79 ./Core/Src/bsp.o
 .debug_macro   0x0002dafb       0x61 ./Core/Src/bsp.o
 .debug_macro   0x0002db5c       0x29 ./Core/Src/bsp.o
 .debug_macro   0x0002db85       0x43 ./Core/Src/bsp.o
 .debug_macro   0x0002dbc8       0x34 ./Core/Src/bsp.o
 .debug_macro   0x0002dbfc       0x16 ./Core/Src/bsp.o
 .debug_macro   0x0002dc12       0x43 ./Core/Src/bsp.o
 .debug_macro   0x0002dc55       0x34 ./Core/Src/bsp.o
 .debug_macro   0x0002dc89       0x10 ./Core/Src/bsp.o
 .debug_macro   0x0002dc99       0x58 ./Core/Src/bsp.o
 .debug_macro   0x0002dcf1       0x8e ./Core/Src/bsp.o
 .debug_macro   0x0002dd7f       0x1c ./Core/Src/bsp.o
 .debug_macro   0x0002dd9b      0x177 ./Core/Src/bsp.o
 .debug_macro   0x0002df12      0x369 ./Core/Src/bsp.o
 .debug_macro   0x0002e27b      0x19b ./Core/Src/bsp.o
 .debug_macro   0x0002e416       0x5d ./Core/Src/bsp.o
 .debug_macro   0x0002e473     0x2382 ./Core/Src/bsp.o
 .debug_macro   0x000307f5     0x102c ./Core/Src/bsp.o
 .debug_macro   0x00031821      0x154 ./Core/Src/bsp.o
 .debug_macro   0x00031975      0x114 ./Core/Src/bsp.o
 .debug_macro   0x00031a89      0x3b6 ./Core/Src/bsp.o
 .debug_macro   0x00031e3f       0xac ./Core/Src/bsp.o
 .debug_macro   0x00031eeb      0x72d ./Core/Src/bsp.o
 .debug_macro   0x00032618      0x228 ./Core/Src/bsp.o
 .debug_macro   0x00032840       0x66 ./Core/Src/bsp.o
 .debug_macro   0x000328a6      0x3bb ./Core/Src/bsp.o
 .debug_macro   0x00032c61      0x3e4 ./Core/Src/bsp.o
 .debug_macro   0x00033045      0x275 ./Core/Src/bsp.o
 .debug_macro   0x000332ba      0x3ca ./Core/Src/bsp.o
 .debug_macro   0x00033684      0x408 ./Core/Src/bsp.o
 .debug_macro   0x00033a8c       0x51 ./Core/Src/bsp.o
 .debug_macro   0x00033add       0x4a ./Core/Src/bsp.o
 .debug_macro   0x00033b27      0x22c ./Core/Src/bsp.o
 .debug_macro   0x00033d53       0x67 ./Core/Src/bsp.o
 .debug_macro   0x00033dba       0xa5 ./Core/Src/bsp.o
 .debug_macro   0x00033e5f      0x1c4 ./Core/Src/bsp.o
 .debug_macro   0x00034023      0x25e ./Core/Src/bsp.o
 .debug_macro   0x00034281       0x35 ./Core/Src/bsp.o
 .debug_macro   0x000342b6      0x693 ./Core/Src/bsp.o
 .debug_macro   0x00034949       0xa6 ./Core/Src/bsp.o
 .debug_macro   0x000349ef      0x5ac ./Core/Src/bsp.o
 .debug_macro   0x00034f9b       0x2e ./Core/Src/bsp.o
 .debug_macro   0x00034fc9       0x52 ./Core/Src/bsp.o
 .debug_macro   0x0003501b      0x131 ./Core/Src/bsp.o
 .debug_macro   0x0003514c      0x168 ./Core/Src/main.o
 .debug_macro   0x000352b4      0x2b8 ./Core/Src/system_stm32h7xx.o
 .debug_macro   0x0003556c      0x2df ./Drivers/BSP/STM32H7xx_Nucleo/stm32h7xx_nucleo.o
 .debug_macro   0x0003584b       0x28 ./Drivers/BSP/STM32H7xx_Nucleo/stm32h7xx_nucleo.o
 .debug_macro   0x00035873      0x2b8 ./Drivers/STM32H7xx_HAL_Driver/Src/stm32h7xx_hal_cortex.o
 .debug_macro   0x00035b2b      0x2c6 ./Drivers/STM32H7xx_HAL_Driver/Src/stm32h7xx_hal_exti.o
 .debug_macro   0x00035df1      0x2bf ./Drivers/STM32H7xx_HAL_Driver/Src/stm32h7xx_hal_gpio.o
 .debug_macro   0x000360b0      0x1a5 ./frameworks/qpc/FreeRTOS/ARM_CM7/r0p1/port.o
 .debug_macro   0x00036255      0x223 ./frameworks/qpc/FreeRTOS/MemMang/heap_4.o
 .debug_macro   0x00036478      0x11c ./frameworks/qpc/FreeRTOS/MemMang/heap_4.o
 .debug_macro   0x00036594       0x94 ./frameworks/qpc/FreeRTOS/MemMang/heap_4.o
 .debug_macro   0x00036628       0x16 ./frameworks/qpc/FreeRTOS/MemMang/heap_4.o
 .debug_macro   0x0003663e       0x20 ./frameworks/qpc/FreeRTOS/MemMang/heap_4.o
 .debug_macro   0x0003665e      0x1a2 ./frameworks/qpc/FreeRTOS/list.o
 .debug_macro   0x00036800      0x239 ./frameworks/qpc/FreeRTOS/queue.o
 .debug_macro   0x00036a39      0x288 ./frameworks/qpc/FreeRTOS/tasks.o
 .debug_macro   0x00036cc1       0x16 ./frameworks/qpc/FreeRTOS/tasks.o
 .debug_macro   0x00036cd7      0x15b ./frameworks/qpc/port/qf_port.o
 .debug_macro   0x00036e32       0x6f ./frameworks/qpc/port/qf_port.o
 .debug_macro   0x00036ea1       0x22 ./frameworks/qpc/port/qf_port.o
 .debug_macro   0x00036ec3      0x1a8 ./frameworks/qpc/port/qf_port.o
 .debug_macro   0x0003706b      0x15e ./frameworks/qpc/src/qf/qep_hsm.o
 .debug_macro   0x000371c9      0x155 ./frameworks/qpc/src/qf/qf_act.o
 .debug_macro   0x0003731e      0x155 ./frameworks/qpc/src/qf/qf_dyn.o
 .debug_macro   0x00037473      0x155 ./frameworks/qpc/src/qf/qf_mem.o
 .debug_macro   0x000375c8      0x155 ./frameworks/qpc/src/qf/qf_ps.o
 .debug_macro   0x0003771d      0x155 ./frameworks/qpc/src/qf/qf_qact.o
 .debug_macro   0x00037872      0x155 ./frameworks/qpc/src/qf/qf_time.o

.debug_line     0x00000000    0x10192
 .debug_line    0x00000000      0x785 ./Core/Src/blinky.o
 .debug_line    0x00000785     0x1073 ./Core/Src/bsp.o
 .debug_line    0x000017f8      0x6f6 ./Core/Src/main.o
 .debug_line    0x00001eee      0xb9f ./Core/Src/system_stm32h7xx.o
 .debug_line    0x00002a8d       0x7b ./Core/Startup/startup_stm32h743zitx.o
 .debug_line    0x00002b08      0xda2 ./Drivers/BSP/STM32H7xx_Nucleo/stm32h7xx_nucleo.o
 .debug_line    0x000038aa      0xf81 ./Drivers/STM32H7xx_HAL_Driver/Src/stm32h7xx_hal_cortex.o
 .debug_line    0x0000482b      0xe2e ./Drivers/STM32H7xx_HAL_Driver/Src/stm32h7xx_hal_exti.o
 .debug_line    0x00005659      0xe2b ./Drivers/STM32H7xx_HAL_Driver/Src/stm32h7xx_hal_gpio.o
 .debug_line    0x00006484      0x848 ./frameworks/qpc/FreeRTOS/ARM_CM7/r0p1/port.o
 .debug_line    0x00006ccc      0xaa9 ./frameworks/qpc/FreeRTOS/MemMang/heap_4.o
 .debug_line    0x00007775      0x859 ./frameworks/qpc/FreeRTOS/list.o
 .debug_line    0x00007fce     0x15f5 ./frameworks/qpc/FreeRTOS/queue.o
 .debug_line    0x000095c3     0x18f3 ./frameworks/qpc/FreeRTOS/tasks.o
 .debug_line    0x0000aeb6      0xf89 ./frameworks/qpc/port/qf_port.o
 .debug_line    0x0000be3f      0xb16 ./frameworks/qpc/src/qf/qep_hsm.o
 .debug_line    0x0000c955      0x790 ./frameworks/qpc/src/qf/qf_act.o
 .debug_line    0x0000d0e5      0x9bd ./frameworks/qpc/src/qf/qf_dyn.o
 .debug_line    0x0000daa2      0x902 ./frameworks/qpc/src/qf/qf_mem.o
 .debug_line    0x0000e3a4      0xa84 ./frameworks/qpc/src/qf/qf_ps.o
 .debug_line    0x0000ee28      0x825 ./frameworks/qpc/src/qf/qf_qact.o
 .debug_line    0x0000f64d      0xb45 ./frameworks/qpc/src/qf/qf_time.o

.debug_str      0x00000000   0x162480
 .debug_str     0x00000000     0xbdad ./Core/Src/blinky.o
                               0xc02c (size before relaxing)
 .debug_str     0x0000bdad   0x1507bf ./Core/Src/bsp.o
                             0x15ca7d (size before relaxing)
 .debug_str     0x0015c56c       0x27 ./Core/Src/main.o
                               0xbb8e (size before relaxing)
 .debug_str     0x0015c593      0x438 ./Core/Src/system_stm32h7xx.o
                             0x153a02 (size before relaxing)
 .debug_str     0x0015c9cb       0x44 ./Core/Startup/startup_stm32h743zitx.o
                                 0x9d (size before relaxing)
 .debug_str     0x0015ca0f      0xa85 ./Drivers/BSP/STM32H7xx_Nucleo/stm32h7xx_nucleo.o
                             0x1552d6 (size before relaxing)
 .debug_str     0x0015d494      0x2fe ./Drivers/STM32H7xx_HAL_Driver/Src/stm32h7xx_hal_cortex.o
                             0x154314 (size before relaxing)
 .debug_str     0x0015d792      0x28b ./Drivers/STM32H7xx_HAL_Driver/Src/stm32h7xx_hal_exti.o
                             0x1537cc (size before relaxing)
 .debug_str     0x0015da1d       0xda ./Drivers/STM32H7xx_HAL_Driver/Src/stm32h7xx_hal_gpio.o
                             0x153972 (size before relaxing)
 .debug_str     0x0015daf7      0x889 ./frameworks/qpc/FreeRTOS/ARM_CM7/r0p1/port.o
                               0x9c2e (size before relaxing)
 .debug_str     0x0015e380      0x7ed ./frameworks/qpc/FreeRTOS/MemMang/heap_4.o
                               0xcc41 (size before relaxing)
 .debug_str     0x0015eb6d      0x163 ./frameworks/qpc/FreeRTOS/list.o
                               0xb3db (size before relaxing)
 .debug_str     0x0015ecd0      0xcf2 ./frameworks/qpc/FreeRTOS/queue.o
                               0xdded (size before relaxing)
 .debug_str     0x0015f9c2     0x1aeb ./frameworks/qpc/FreeRTOS/tasks.o
                               0xe69e (size before relaxing)
 .debug_str     0x001614ad      0x8e3 ./frameworks/qpc/port/qf_port.o
                               0xc68d (size before relaxing)
 .debug_str     0x00161d90      0x2b3 ./frameworks/qpc/src/qf/qep_hsm.o
                               0xc100 (size before relaxing)
 .debug_str     0x00162043       0x72 ./frameworks/qpc/src/qf/qf_act.o
                               0xc170 (size before relaxing)
 .debug_str     0x001620b5       0xec ./frameworks/qpc/src/qf/qf_dyn.o
                               0xbf46 (size before relaxing)
 .debug_str     0x001621a1       0x6a ./frameworks/qpc/src/qf/qf_mem.o
                               0xbe6a (size before relaxing)
 .debug_str     0x0016220b       0xfe ./frameworks/qpc/src/qf/qf_ps.o
                               0xc2bc (size before relaxing)
 .debug_str     0x00162309       0x8b ./frameworks/qpc/src/qf/qf_qact.o
                               0xc185 (size before relaxing)
 .debug_str     0x00162394       0xec ./frameworks/qpc/src/qf/qf_time.o
                               0xc247 (size before relaxing)

.comment        0x00000000       0x43
 .comment       0x00000000       0x43 ./Core/Src/blinky.o
                                 0x44 (size before relaxing)
 .comment       0x00000043       0x44 ./Core/Src/bsp.o
 .comment       0x00000043       0x44 ./Core/Src/main.o
 .comment       0x00000043       0x44 ./Core/Src/system_stm32h7xx.o
 .comment       0x00000043       0x44 ./Drivers/BSP/STM32H7xx_Nucleo/stm32h7xx_nucleo.o
 .comment       0x00000043       0x44 ./Drivers/STM32H7xx_HAL_Driver/Src/stm32h7xx_hal_cortex.o
 .comment       0x00000043       0x44 ./Drivers/STM32H7xx_HAL_Driver/Src/stm32h7xx_hal_exti.o
 .comment       0x00000043       0x44 ./Drivers/STM32H7xx_HAL_Driver/Src/stm32h7xx_hal_gpio.o
 .comment       0x00000043       0x44 ./frameworks/qpc/FreeRTOS/ARM_CM7/r0p1/port.o
 .comment       0x00000043       0x44 ./frameworks/qpc/FreeRTOS/MemMang/heap_4.o
 .comment       0x00000043       0x44 ./frameworks/qpc/FreeRTOS/list.o
 .comment       0x00000043       0x44 ./frameworks/qpc/FreeRTOS/queue.o
 .comment       0x00000043       0x44 ./frameworks/qpc/FreeRTOS/tasks.o
 .comment       0x00000043       0x44 ./frameworks/qpc/port/qf_port.o
 .comment       0x00000043       0x44 ./frameworks/qpc/src/qf/qep_hsm.o
 .comment       0x00000043       0x44 ./frameworks/qpc/src/qf/qf_act.o
 .comment       0x00000043       0x44 ./frameworks/qpc/src/qf/qf_dyn.o
 .comment       0x00000043       0x44 ./frameworks/qpc/src/qf/qf_mem.o
 .comment       0x00000043       0x44 ./frameworks/qpc/src/qf/qf_ps.o
 .comment       0x00000043       0x44 ./frameworks/qpc/src/qf/qf_qact.o
 .comment       0x00000043       0x44 ./frameworks/qpc/src/qf/qf_time.o

.debug_frame    0x00000000     0x2bac
 .debug_frame   0x00000000       0xa0 ./Core/Src/blinky.o
 .debug_frame   0x000000a0      0x2d4 ./Core/Src/bsp.o
 .debug_frame   0x00000374       0x2c ./Core/Src/main.o
 .debug_frame   0x000003a0       0x78 ./Core/Src/system_stm32h7xx.o
 .debug_frame   0x00000418      0x2dc ./Drivers/BSP/STM32H7xx_Nucleo/stm32h7xx_nucleo.o
 .debug_frame   0x000006f4      0x508 ./Drivers/STM32H7xx_HAL_Driver/Src/stm32h7xx_hal_cortex.o
 .debug_frame   0x00000bfc      0x174 ./Drivers/STM32H7xx_HAL_Driver/Src/stm32h7xx_hal_exti.o
 .debug_frame   0x00000d70      0x14c ./Drivers/STM32H7xx_HAL_Driver/Src/stm32h7xx_hal_gpio.o
 .debug_frame   0x00000ebc      0x18c ./frameworks/qpc/FreeRTOS/ARM_CM7/r0p1/port.o
 .debug_frame   0x00001048      0x150 ./frameworks/qpc/FreeRTOS/MemMang/heap_4.o
 .debug_frame   0x00001198       0xd8 ./frameworks/qpc/FreeRTOS/list.o
 .debug_frame   0x00001270      0x5a8 ./frameworks/qpc/FreeRTOS/queue.o
 .debug_frame   0x00001818      0x770 ./frameworks/qpc/FreeRTOS/tasks.o
 .debug_frame   0x00001f88      0x37c ./frameworks/qpc/port/qf_port.o
 .debug_frame   0x00002304      0x13c ./frameworks/qpc/src/qf/qep_hsm.o
 .debug_frame   0x00002440       0x60 ./frameworks/qpc/src/qf/qf_act.o
 .debug_frame   0x000024a0      0x1ac ./frameworks/qpc/src/qf/qf_dyn.o
 .debug_frame   0x0000264c       0x7c ./frameworks/qpc/src/qf/qf_mem.o
 .debug_frame   0x000026c8      0x250 ./frameworks/qpc/src/qf/qf_ps.o
 .debug_frame   0x00002918       0x7c ./frameworks/qpc/src/qf/qf_qact.o
 .debug_frame   0x00002994      0x1a4 ./frameworks/qpc/src/qf/qf_time.o
 .debug_frame   0x00002b38       0x20 C:/ST/STM32CubeIDE_1.17.0/STM32CubeIDE/plugins/com.st.stm32cube.ide.mcu.externaltools.gnu-tools-for-stm32.12.3.rel1.win32_1.1.0.202410251130/tools/bin/../lib/gcc/arm-none-eabi/12.3.1/../../../../arm-none-eabi/lib/thumb/v7e-m+dp/hard\libc_nano.a(libc_a-memset.o)
 .debug_frame   0x00002b58       0x2c C:/ST/STM32CubeIDE_1.17.0/STM32CubeIDE/plugins/com.st.stm32cube.ide.mcu.externaltools.gnu-tools-for-stm32.12.3.rel1.win32_1.1.0.202410251130/tools/bin/../lib/gcc/arm-none-eabi/12.3.1/../../../../arm-none-eabi/lib/thumb/v7e-m+dp/hard\libc_nano.a(libc_a-init.o)
 .debug_frame   0x00002b84       0x28 C:/ST/STM32CubeIDE_1.17.0/STM32CubeIDE/plugins/com.st.stm32cube.ide.mcu.externaltools.gnu-tools-for-stm32.12.3.rel1.win32_1.1.0.202410251130/tools/bin/../lib/gcc/arm-none-eabi/12.3.1/../../../../arm-none-eabi/lib/thumb/v7e-m+dp/hard\libc_nano.a(libc_a-memcpy-stub.o)

.debug_line_str
                0x00000000       0x81
 .debug_line_str
                0x00000000       0x81 ./Core/Startup/startup_stm32h743zitx.o
