C:/Users/andri/STM32CubeIDE/workspace_1.17.0/qpc_stm32cubeide_test/frameworks/qpc/3rd_party/CMSIS/Include/core_cm7.h:1982:22:__NVIC_SetPriorityGrouping	24	static
C:/Users/andri/STM32CubeIDE/workspace_1.17.0/qpc_stm32cubeide_test/frameworks/qpc/3rd_party/CMSIS/Include/core_cm7.h:2001:26:__NVIC_GetPriorityGrouping	4	static
C:/Users/andri/STM32CubeIDE/workspace_1.17.0/qpc_stm32cubeide_test/frameworks/qpc/3rd_party/CMSIS/Include/core_cm7.h:2013:22:__NVIC_EnableIRQ	16	static,ignoring_inline_asm
C:/Users/andri/STM32CubeIDE/workspace_1.17.0/qpc_stm32cubeide_test/frameworks/qpc/3rd_party/CMSIS/Include/core_cm7.h:2051:22:__NVIC_DisableIRQ	16	static,ignoring_inline_asm
C:/Users/andri/STM32CubeIDE/workspace_1.17.0/qpc_stm32cubeide_test/frameworks/qpc/3rd_party/CMSIS/Include/core_cm7.h:2070:26:__NVIC_GetPendingIRQ	16	static
C:/Users/andri/STM32CubeIDE/workspace_1.17.0/qpc_stm32cubeide_test/frameworks/qpc/3rd_party/CMSIS/Include/core_cm7.h:2089:22:__NVIC_SetPendingIRQ	16	static
C:/Users/andri/STM32CubeIDE/workspace_1.17.0/qpc_stm32cubeide_test/frameworks/qpc/3rd_party/CMSIS/Include/core_cm7.h:2104:22:__NVIC_ClearPendingIRQ	16	static
C:/Users/andri/STM32CubeIDE/workspace_1.17.0/qpc_stm32cubeide_test/frameworks/qpc/3rd_party/CMSIS/Include/core_cm7.h:2121:26:__NVIC_GetActive	16	static
C:/Users/andri/STM32CubeIDE/workspace_1.17.0/qpc_stm32cubeide_test/frameworks/qpc/3rd_party/CMSIS/Include/core_cm7.h:2143:22:__NVIC_SetPriority	16	static
C:/Users/andri/STM32CubeIDE/workspace_1.17.0/qpc_stm32cubeide_test/frameworks/qpc/3rd_party/CMSIS/Include/core_cm7.h:2165:26:__NVIC_GetPriority	16	static
C:/Users/andri/STM32CubeIDE/workspace_1.17.0/qpc_stm32cubeide_test/frameworks/qpc/3rd_party/CMSIS/Include/core_cm7.h:2190:26:NVIC_EncodePriority	40	static
C:/Users/andri/STM32CubeIDE/workspace_1.17.0/qpc_stm32cubeide_test/frameworks/qpc/3rd_party/CMSIS/Include/core_cm7.h:2217:22:NVIC_DecodePriority	40	static
C:/Users/andri/STM32CubeIDE/workspace_1.17.0/qpc_stm32cubeide_test/frameworks/qpc/3rd_party/CMSIS/Include/core_cm7.h:2267:34:__NVIC_SystemReset	4	static,ignoring_inline_asm
C:/Users/andri/STM32CubeIDE/workspace_1.17.0/qpc_stm32cubeide_test/frameworks/qpc/3rd_party/CMSIS/Include/core_cm7.h:2361:26:SysTick_Config	16	static
../Drivers/STM32H7xx_HAL_Driver/Src/stm32h7xx_hal_cortex.c:142:6:HAL_NVIC_SetPriorityGrouping	16	static
../Drivers/STM32H7xx_HAL_Driver/Src/stm32h7xx_hal_cortex.c:164:6:HAL_NVIC_SetPriority	32	static
../Drivers/STM32H7xx_HAL_Driver/Src/stm32h7xx_hal_cortex.c:186:6:HAL_NVIC_EnableIRQ	16	static
../Drivers/STM32H7xx_HAL_Driver/Src/stm32h7xx_hal_cortex.c:202:6:HAL_NVIC_DisableIRQ	16	static
../Drivers/STM32H7xx_HAL_Driver/Src/stm32h7xx_hal_cortex.c:215:6:HAL_NVIC_SystemReset	8	static
../Drivers/STM32H7xx_HAL_Driver/Src/stm32h7xx_hal_cortex.c:228:10:HAL_SYSTICK_Config	16	static
../Drivers/STM32H7xx_HAL_Driver/Src/stm32h7xx_hal_cortex.c:256:6:HAL_MPU_Disable	4	static,ignoring_inline_asm
../Drivers/STM32H7xx_HAL_Driver/Src/stm32h7xx_hal_cortex.c:279:6:HAL_MPU_Enable	16	static,ignoring_inline_asm
../Drivers/STM32H7xx_HAL_Driver/Src/stm32h7xx_hal_cortex.c:296:6:HAL_MPU_EnableRegion	16	static
../Drivers/STM32H7xx_HAL_Driver/Src/stm32h7xx_hal_cortex.c:312:6:HAL_MPU_DisableRegion	16	static
../Drivers/STM32H7xx_HAL_Driver/Src/stm32h7xx_hal_cortex.c:330:6:HAL_MPU_ConfigRegion	16	static
../Drivers/STM32H7xx_HAL_Driver/Src/stm32h7xx_hal_cortex.c:368:10:HAL_NVIC_GetPriorityGrouping	8	static
../Drivers/STM32H7xx_HAL_Driver/Src/stm32h7xx_hal_cortex.c:395:6:HAL_NVIC_GetPriority	24	static
../Drivers/STM32H7xx_HAL_Driver/Src/stm32h7xx_hal_cortex.c:410:6:HAL_NVIC_SetPendingIRQ	16	static
../Drivers/STM32H7xx_HAL_Driver/Src/stm32h7xx_hal_cortex.c:428:10:HAL_NVIC_GetPendingIRQ	16	static
../Drivers/STM32H7xx_HAL_Driver/Src/stm32h7xx_hal_cortex.c:444:6:HAL_NVIC_ClearPendingIRQ	16	static
../Drivers/STM32H7xx_HAL_Driver/Src/stm32h7xx_hal_cortex.c:461:10:HAL_NVIC_GetActive	16	static
../Drivers/STM32H7xx_HAL_Driver/Src/stm32h7xx_hal_cortex.c:478:6:HAL_SYSTICK_CLKSourceConfig	16	static
../Drivers/STM32H7xx_HAL_Driver/Src/stm32h7xx_hal_cortex.c:496:6:HAL_SYSTICK_IRQHandler	8	static
../Drivers/STM32H7xx_HAL_Driver/Src/stm32h7xx_hal_cortex.c:505:13:HAL_SYSTICK_Callback	4	static
../Drivers/STM32H7xx_HAL_Driver/Src/stm32h7xx_hal_cortex.c:536:10:HAL_GetCurrentCPUID	4	static
