C:/Users/andri/STM32CubeIDE/workspace_1.17.0/qpc_stm32cubeide_test/frameworks/qpc/3rd_party/FreeRTOS-Kernel/portable/GCC/ARM_CM7/r0p1/port.c:187:15:pxPortInitialiseStack	24	static
C:/Users/andri/STM32CubeIDE/workspace_1.17.0/qpc_stm32cubeide_test/frameworks/qpc/3rd_party/FreeRTOS-Kernel/portable/GCC/ARM_CM7/r0p1/port.c:219:13:prvTaskExitError	16	static,ignoring_inline_asm
C:/Users/andri/STM32CubeIDE/workspace_1.17.0/qpc_stm32cubeide_test/frameworks/qpc/3rd_party/FreeRTOS-Kernel/portable/GCC/ARM_CM7/r0p1/port.c:245:6:SVC_Handler	0	static,ignoring_inline_asm
C:/Users/andri/STM32CubeIDE/workspace_1.17.0/qpc_stm32cubeide_test/frameworks/qpc/3rd_party/FreeRTOS-Kernel/portable/GCC/ARM_CM7/r0p1/port.c:264:13:prvPortStartFirstTask	0	static,ignoring_inline_asm
C:/Users/andri/STM32CubeIDE/workspace_1.17.0/qpc_stm32cubeide_test/frameworks/qpc/3rd_party/FreeRTOS-Kernel/portable/GCC/ARM_CM7/r0p1/port.c:291:12:xPortStartScheduler	24	static
C:/Users/andri/STM32CubeIDE/workspace_1.17.0/qpc_stm32cubeide_test/frameworks/qpc/3rd_party/FreeRTOS-Kernel/portable/GCC/ARM_CM7/r0p1/port.c:411:6:vPortEndScheduler	8	static
C:/Users/andri/STM32CubeIDE/workspace_1.17.0/qpc_stm32cubeide_test/frameworks/qpc/3rd_party/FreeRTOS-Kernel/portable/GCC/ARM_CM7/r0p1/port.c:419:6:vPortEnterCritical	16	static,ignoring_inline_asm
C:/Users/andri/STM32CubeIDE/workspace_1.17.0/qpc_stm32cubeide_test/frameworks/qpc/3rd_party/FreeRTOS-Kernel/portable/GCC/ARM_CM7/r0p1/port.c:436:6:vPortExitCritical	16	static,ignoring_inline_asm
C:/Users/andri/STM32CubeIDE/workspace_1.17.0/qpc_stm32cubeide_test/frameworks/qpc/3rd_party/FreeRTOS-Kernel/portable/GCC/ARM_CM7/r0p1/port.c:448:6:PendSV_Handler	0	static,ignoring_inline_asm
C:/Users/andri/STM32CubeIDE/workspace_1.17.0/qpc_stm32cubeide_test/frameworks/qpc/3rd_party/FreeRTOS-Kernel/portable/GCC/ARM_CM7/r0p1/port.c:507:6:SysTick_Handler	16	static,ignoring_inline_asm
C:/Users/andri/STM32CubeIDE/workspace_1.17.0/qpc_stm32cubeide_test/frameworks/qpc/3rd_party/FreeRTOS-Kernel/portable/GCC/ARM_CM7/r0p1/port.c:752:32:vPortSetupTimerInterrupt	4	static
C:/Users/andri/STM32CubeIDE/workspace_1.17.0/qpc_stm32cubeide_test/frameworks/qpc/3rd_party/FreeRTOS-Kernel/portable/GCC/ARM_CM7/r0p1/port.c:774:13:vPortEnableVFP	0	static,ignoring_inline_asm
C:/Users/andri/STM32CubeIDE/workspace_1.17.0/qpc_stm32cubeide_test/frameworks/qpc/3rd_party/FreeRTOS-Kernel/portable/GCC/ARM_CM7/r0p1/port.c:791:10:vPortValidateInterruptPriority	16	static,ignoring_inline_asm
