C:/Users/andri/STM32CubeIDE/workspace_1.17.0/qpc_stm32cubeide_test/frameworks/qpc/include/qp.h:171:20:QEvt_verify_	24	static
C:/Users/andri/STM32CubeIDE/workspace_1.17.0/qpc_stm32cubeide_test/frameworks/qpc/include/qp.h:179:28:QEvt_getPoolNum_	16	static
C:/Users/andri/STM32CubeIDE/workspace_1.17.0/qpc_stm32cubeide_test/frameworks/qpc/include/qp_pkg.h:77:20:QEvt_refCtr_inc_	24	static
C:/Users/andri/STM32CubeIDE/workspace_1.17.0/qpc_stm32cubeide_test/frameworks/qpc/include/qp_pkg.h:86:20:QEvt_refCtr_dec_	24	static
C:/Users/andri/STM32CubeIDE/workspace_1.17.0/qpc_stm32cubeide_test/frameworks/qpc/src/qf/qf_dyn.c:60:6:QF_poolInit	32	static
C:/Users/andri/STM32CubeIDE/workspace_1.17.0/qpc_stm32cubeide_test/frameworks/qpc/src/qf/qf_dyn.c:97:15:QF_poolGetMaxBlockSize	16	static
C:/Users/andri/STM32CubeIDE/workspace_1.17.0/qpc_stm32cubeide_test/frameworks/qpc/src/qf/qf_dyn.c:111:15:QF_getPoolMin	24	static
C:/Users/andri/STM32CubeIDE/workspace_1.17.0/qpc_stm32cubeide_test/frameworks/qpc/src/qf/qf_dyn.c:133:8:QF_newX_	32	static
C:/Users/andri/STM32CubeIDE/workspace_1.17.0/qpc_stm32cubeide_test/frameworks/qpc/src/qf/qf_dyn.c:213:6:QF_gc	24	static
C:/Users/andri/STM32CubeIDE/workspace_1.17.0/qpc_stm32cubeide_test/frameworks/qpc/src/qf/qf_dyn.c:275:14:QF_newRef_	24	static
C:/Users/andri/STM32CubeIDE/workspace_1.17.0/qpc_stm32cubeide_test/frameworks/qpc/src/qf/qf_dyn.c:315:6:QF_deleteRef_	24	static
