13:04:51 **** Incremental Build of configuration Debug for project blinky ****
make -j22 all 
arm-none-eabi-gcc "../Core/Src/bsp.c" -mcpu=cortex-m7 -std=gnu11 -g3 -DDEBUG -DUSE_PWR_LDO_SUPPLY -DUSE_NUCLEO_64 -DUSE_HAL_DRIVER -DSTM32H743xx -c -I../Core/Inc -I"C:/Users/andri/STM32CubeIDE/workspace_1.17.0/qpc_stm32cubeide_test/frameworks/qpc/include" -I"C:/Users/andri/STM32CubeIDE/workspace_1.17.0/qpc_stm32cubeide_test/frameworks/qpc/ports/freertos" -I"C:/Users/andri/STM32CubeIDE/workspace_1.17.0/qpc_stm32cubeide_test/frameworks/qpc/3rd_party/FreeRTOS-Kernel/include" -I"C:/Users/andri/STM32CubeIDE/workspace_1.17.0/qpc_stm32cubeide_test/frameworks/qpc/3rd_party/FreeRTOS-Kernel/portable/GCC/ARM_CM7/r0p1" -I"C:/Users/andri/STM32CubeIDE/workspace_1.17.0/qpc_stm32cubeide_test/frameworks/qpc/3rd_party/CMSIS/Include" -I"C:/Users/andri/STM32CubeIDE/workspace_1.17.0/qpc_stm32cubeide_test/frameworks/qpc/3rd_party/CMSIS/Include/m-profile" -I../Drivers/STM32H7xx_HAL_Driver/Inc -I../Drivers/STM32H7xx_HAL_Driver/Inc/Legacy -I../Drivers/BSP/STM32H7xx_Nucleo -I../Drivers/CMSIS/Device/ST/STM32H7xx/Include -I../Drivers/CMSIS/Include -O0 -ffunction-sections -fdata-sections -Wall -fstack-usage -fcyclomatic-complexity -MMD -MP -MF"Core/Src/bsp.d" -MT"Core/Src/bsp.o" --specs=nano.specs -mfpu=fpv5-d16 -mfloat-abi=hard -mthumb -o "Core/Src/bsp.o"
arm-none-eabi-gcc -o "blinky.elf" @"objects.list"   -mcpu=cortex-m7 -T"C:\Users\andri\STM32CubeIDE\workspace_1.17.0\qpc_stm32cubeide_test\projects\blinky\STM32H743ZITX_FLASH.ld" --specs=nosys.specs -Wl,-Map="blinky.map" -Wl,--gc-sections -static --specs=nano.specs -mfpu=fpv5-d16 -mfloat-abi=hard -mthumb -Wl,--start-group -lc -lm -Wl,--end-group
Finished building target: blinky.elf
 
arm-none-eabi-size  blinky.elf 
arm-none-eabi-objdump -h -S blinky.elf  > "blinky.list"
   text	   data	    bss	    dec	    hex	filename
  19944	     40	   4112	  24096	   5e20	blinky.elf
Finished building: default.size.stdout
 
Finished building: blinky.list
 

13:04:52 Build Finished. 0 errors, 0 warnings. (took 967ms)

